// Jest Snapshot v1, https://goo.gl/fbAQLP

exports[`renders correctly 1`] = `
<div
  className="StreamTabs-root-1"
>
  <div
    className="react-tabs"
    data-tabs={true}
    onClick={[Function]}
    onKeyDown={[Function]}
  >
    <ul
      className="StreamTabs-streamTabsTop-2"
      role="tablist"
    >
      <li
        aria-controls="react-tabs-1"
        aria-disabled="false"
        aria-selected="true"
        className="StreamTabs-streamTab-3 react-tabs__tab--selected"
        id="react-tabs-0"
        role="tab"
        tabIndex="0"
      >
        UPCOMING GAMES
      </li>
      <li
        aria-controls="react-tabs-3"
        aria-disabled="false"
        aria-selected="false"
        className="StreamTabs-streamTab-3"
        id="react-tabs-2"
        role="tab"
        tabIndex={null}
      >
        RESULTS
      </li>
    </ul>
    <div
      aria-labelledby="react-tabs-0"
      className="react-tabs__tab-panel react-tabs__tab-panel--selected"
      id="react-tabs-1"
      role="tabpanel"
    >
      <div
        className="StreamTabsBottom-root-4"
      >
        <div
          className="StreamTabsNav-root-5"
        >
          <div
            className="StreamTabsNav-streamTabsNavItem-6 StreamTabsNav-liveNow-7"
          >
            <span>
              LIVE NOW
            </span>
            <span
              className="StreamTabsNav-streamTabsWatch-9"
            >
              2
            </span>
          </div>
          <div
            className="StreamTabsNav-streamTabsNavItem-6"
          >
            <img
              alt=""
              className="StreamTabsNav-streamTabsNavImg-8"
              src="gamepad.svg"
            />
            <span>
              ALL GAMES
            </span>
            <span
              className="StreamTabsNav-streamTabsWatch-9"
            >
              2
            </span>
          </div>
          <div
            className="StreamTabsNav-streamTabsNavItem-6"
          >
            <img
              alt=""
              className="StreamTabsNav-streamTabsNavImg-8"
              src="starcraft.png"
            />
            <span>
              STARCRAFT 2
            </span>
            <span
              className="StreamTabsNav-streamTabsWatch-9"
            >
              2
            </span>
          </div>
          <div
            className="StreamTabsNav-streamTabsNavItem-6"
          >
            <img
              alt=""
              className="StreamTabsNav-streamTabsNavImg-8"
              src="dota-2.svg"
            />
            <span>
              DOTA 2
            </span>
            <span
              className="StreamTabsNav-streamTabsWatch-9"
            >
              2
            </span>
          </div>
          <div
            className="StreamTabsNav-streamTabsNavItem-6"
          >
            <img
              alt=""
              className="StreamTabsNav-streamTabsNavImg-8"
              src="overwatch.png"
            />
            <span>
              CS:GO
            </span>
            <span
              className="StreamTabsNav-streamTabsWatch-9"
            >
              2
            </span>
          </div>
          <div
            className="StreamTabsNav-streamTabsNavItem-6"
          >
            <img
              alt=""
              className="StreamTabsNav-streamTabsNavImg-8"
              src="csgo.png"
            />
            <span>
              CS:GO
            </span>
            <span
              className="StreamTabsNav-streamTabsWatch-9"
            >
              2
            </span>
          </div>
        </div>
        <div
          className="StreamLive-root-10"
        >
          <div
            className="StreamLive-streamLiveItem-11"
          >
            <div
              className="StreamLive-streamLiveItemDate-12 StreamLive-itemDateLive-13"
            >
              Live
            </div>
            <div
              className="StreamLive-streamLiveItemTeam-14 StreamLive-team1-15"
            >
              <img
                alt=""
                className="StreamLive-teamImg-17"
                src="NRG+Logo+Light+Background.png"
              />
              <div
                className="StreamLive-teamName-18"
              >
                NRG
              </div>
              <div
                className="StreamLive-teamCountry-19 StreamLive-country1-20"
              >
                <img
                  alt=""
                  className="StreamLive-teamCountryImg-22"
                  src="france.png"
                />
                France
              </div>
            </div>
            <div
              className="StreamLive-streamLiveItemScore-24"
            >
              6.14
            </div>
            <div
              className="StreamLive-streamLiveItemVs-23"
            >
              VS
            </div>
            <div
              className="StreamLive-streamLiveItemScore-24"
            >
              1.25
            </div>
            <div
              className="StreamLive-streamLiveItemTeam-14 StreamLive-team2-16"
            >
              <img
                alt=""
                className="StreamLive-teamImg-17"
                src="Team_LDLC_Logo.png"
              />
              <div
                className="StreamLive-teamName-18"
              >
                LDLC
              </div>
              <div
                className="StreamLive-teamCountry-19 StreamLive-country2-21"
              >
                <img
                  alt=""
                  className="StreamLive-teamCountryImg-22"
                  src="spain.png"
                />
                Spain
              </div>
            </div>
            <div
              className="StreamLive-streamLiveItemEvent-25"
            >
              EVENT
              <img
                alt=""
                className="StreamLive-streamLiveItemEventImg-26"
                src="event.png"
              />
            </div>
            <div
              className="StreamLive-streamLiveItemLink-27"
            />
          </div>
          <div
            className="StreamLive-streamLiveItem-11"
          >
            <div
              className="StreamLive-streamLiveItemDate-12"
            >
              12:30 PM
               
              <br />
              <span>
                7/12/2018
              </span>
            </div>
            <div
              className="StreamLive-streamLiveItemTeam-14 StreamLive-team1-15"
            >
              <img
                alt=""
                className="StreamLive-teamImg-17"
                src="NRG+Logo+Light+Background.png"
              />
              <div
                className="StreamLive-teamName-18"
              >
                NRG
              </div>
              <div
                className="StreamLive-teamCountry-19 StreamLive-country1-20"
              >
                <img
                  alt=""
                  className="StreamLive-teamCountryImg-22"
                  src="france.png"
                />
                France
              </div>
            </div>
            <div
              className="StreamLive-streamLiveItemScore-24"
            >
              6.14
            </div>
            <div
              className="StreamLive-streamLiveItemVs-23"
            >
              VS
            </div>
            <div
              className="StreamLive-streamLiveItemScore-24"
            >
              1.25
            </div>
            <div
              className="StreamLive-streamLiveItemTeam-14 StreamLive-team2-16"
            >
              <img
                alt=""
                className="StreamLive-teamImg-17"
                src="Team_LDLC_Logo.png"
              />
              <div
                className="StreamLive-teamName-18"
              >
                LDLC
              </div>
              <div
                className="StreamLive-teamCountry-19 StreamLive-country2-21"
              >
                <img
                  alt=""
                  className="StreamLive-teamCountryImg-22"
                  src="spain.png"
                />
                Spain
              </div>
            </div>
            <div
              className="StreamLive-streamLiveItemEvent-25"
            >
              EVENT
              <img
                alt=""
                className="StreamLive-streamLiveItemEventImg-26"
                src="event.png"
              />
            </div>
            <div
              className="StreamLive-streamLiveItemLink-27"
            />
          </div>
          <div
            className="StreamLive-streamLiveItem-11"
          >
            <div
              className="StreamLive-streamLiveItemDate-12 StreamLive-itemDateLive-13"
            >
              Live
            </div>
            <div
              className="StreamLive-streamLiveItemTeam-14 StreamLive-team1-15"
            >
              <img
                alt=""
                className="StreamLive-teamImg-17"
                src="NRG+Logo+Light+Background.png"
              />
              <div
                className="StreamLive-teamName-18"
              >
                NRG
              </div>
              <div
                className="StreamLive-teamCountry-19 StreamLive-country1-20"
              >
                <img
                  alt=""
                  className="StreamLive-teamCountryImg-22"
                  src="france.png"
                />
                France
              </div>
            </div>
            <div
              className="StreamLive-streamLiveItemScore-24"
            >
              6.14
            </div>
            <div
              className="StreamLive-streamLiveItemVs-23"
            >
              VS
            </div>
            <div
              className="StreamLive-streamLiveItemScore-24"
            >
              1.25
            </div>
            <div
              className="StreamLive-streamLiveItemTeam-14 StreamLive-team2-16"
            >
              <img
                alt=""
                className="StreamLive-teamImg-17"
                src="Team_LDLC_Logo.png"
              />
              <div
                className="StreamLive-teamName-18"
              >
                LDLC
              </div>
              <div
                className="StreamLive-teamCountry-19 StreamLive-country2-21"
              >
                <img
                  alt=""
                  className="StreamLive-teamCountryImg-22"
                  src="spain.png"
                />
                Spain
              </div>
            </div>
            <div
              className="StreamLive-streamLiveItemEvent-25"
            >
              EVENT
              <img
                alt=""
                className="StreamLive-streamLiveItemEventImg-26"
                src="event.png"
              />
            </div>
            <div
              className="StreamLive-streamLiveItemLink-27"
            />
          </div>
          <div
            className="StreamLive-streamLiveItem-11"
          >
            <div
              className="StreamLive-streamLiveItemDate-12"
            >
              12:30 PM
               
              <br />
              <span>
                7/12/2018
              </span>
            </div>
            <div
              className="StreamLive-streamLiveItemTeam-14 StreamLive-team1-15"
            >
              <img
                alt=""
                className="StreamLive-teamImg-17"
                src="NRG+Logo+Light+Background.png"
              />
              <div
                className="StreamLive-teamName-18"
              >
                NRG
              </div>
              <div
                className="StreamLive-teamCountry-19 StreamLive-country1-20"
              >
                <img
                  alt=""
                  className="StreamLive-teamCountryImg-22"
                  src="france.png"
                />
                France
              </div>
            </div>
            <div
              className="StreamLive-streamLiveItemScore-24"
            >
              6.14
            </div>
            <div
              className="StreamLive-streamLiveItemVs-23"
            >
              VS
            </div>
            <div
              className="StreamLive-streamLiveItemScore-24"
            >
              1.25
            </div>
            <div
              className="StreamLive-streamLiveItemTeam-14 StreamLive-team2-16"
            >
              <img
                alt=""
                className="StreamLive-teamImg-17"
                src="Team_LDLC_Logo.png"
              />
              <div
                className="StreamLive-teamName-18"
              >
                LDLC
              </div>
              <div
                className="StreamLive-teamCountry-19 StreamLive-country2-21"
              >
                <img
                  alt=""
                  className="StreamLive-teamCountryImg-22"
                  src="spain.png"
                />
                Spain
              </div>
            </div>
            <div
              className="StreamLive-streamLiveItemEvent-25"
            >
              EVENT
              <img
                alt=""
                className="StreamLive-streamLiveItemEventImg-26"
                src="event.png"
              />
            </div>
            <div
              className="StreamLive-streamLiveItemLink-27"
            />
          </div>
        </div>
      </div>
    </div>
    <div
      aria-labelledby="react-tabs-2"
      className="react-tabs__tab-panel"
      id="react-tabs-3"
      role="tabpanel"
    />
  </div>
</div>
`;
