// Jest Snapshot v1, https://goo.gl/fbAQLP

exports[`renders correctly 1`] = `
<div
  className="mainWrapperTrade"
>
  <div
    className="Case-containerTradeWrap-1"
  >
    <div
      className="Case-containerTrade-2"
    >
      <header
        className="Case-headerCase-3"
      />
      <main
        className="Case-case-4"
      >
        <div
          className="CaseFilter-root-5"
        >
          <input
            className="CaseFilter-caseFilterSearch-6"
            placeholder="Search"
            type="text"
          />
          <div
            className="CaseFilter-caseFilterOptions-7"
          >
            <div
              className="CaseFilter-caseFilterType-8"
            >
              <div
                className="CaseFilter-caseFilterItem-9"
              >
                less than $15&lt;
              </div>
              <div
                className="CaseFilter-caseFilterItem-9"
              >
                $15-30
              </div>
              <div
                className="CaseFilter-caseFilterItem-9 CaseFilter-selectedItem-11"
              >
                 $30-60
              </div>
              <div
                className="CaseFilter-caseFilterItem-9"
              >
                $60-90
              </div>
              <div
                className="CaseFilter-caseFilterItem-9"
              >
                less than $15&lt;
              </div>
            </div>
            <div
              className="CaseFilter-caseFilterType-8"
            >
              <div
                className="CaseFilter-caseFilterItem-9"
              >
                CS:GO
              </div>
              <div
                className="CaseFilter-caseFilterItem-9"
              >
                Dota 2
              </div>
              <div
                className="CaseFilter-caseFilterItem-9 CaseFilter-selectedItem-11"
              >
                Starcraft 2
              </div>
              <div
                className="CaseFilter-caseFilterItem-9"
              >
                 Maincraft
              </div>
              <div
                className="CaseFilter-caseFilterItem-9"
              >
                Rainbow Six
              </div>
            </div>
          </div>
          <div
            className="CaseFilter-caseFilterBtn-12"
          />
        </div>
        <div
          className="CaseOpen-root-13"
        >
          <div
            className="CaseOpen-caseOpenTop-14"
          >
            <div
              className="CaseOpen-caseOpenBackBtn-15"
            />
            <div
              className="CaseOpen-caseOpenTopImg-16"
            >
              <img
                alt=""
                src="caseXOpen.png"
              />
            </div>
            <div
              className="CaseOpen-caseOpenTopDescr-17"
            >
              <div
                className="CaseOpen-caseOpenTopMarker-18"
              />
              <div
                className="CaseOpen-caseOpenTopName-19"
              >
                Case: 
                <span>
                  Hello, buddy!
                </span>
              </div>
              <div
                className="CaseOpen-caseOpenTopPrice-20"
              >
                Open for 
                <span>
                  $34.20
                </span>
              </div>
              <div
                className="CaseOpen-caseOpenTopGame-21"
              >
                Case: 
                <span>
                  CS:GO
                </span>
              </div>
            </div>
          </div>
          <div
            className="CaseOpen-caseOpenContent-22"
          >
            <div
              className="CaseOpen-caseOpenTitle-23"
            >
              This case cointains this stuff:
            </div>
            <div
              className="CaseOpen-caseOpenItem-24"
            >
              <div
                className="CaseOpen-caseOpenItemImg-25"
              >
                <img
                  alt=""
                  src="GunCase.png"
                />
              </div>
              <div
                className="CaseOpen-caseOpenItemName-26"
              >
                Gun: 
                <span>
                  Good Weapon2 1.2
                </span>
              </div>
            </div>
            <div
              className="CaseOpen-caseOpenItem-24"
            >
              <div
                className="CaseOpen-caseOpenItemImg-25"
              >
                <img
                  alt=""
                  src="GunCase.png"
                />
              </div>
              <div
                className="CaseOpen-caseOpenItemName-26"
              >
                Gun: 
                <span>
                  Good Weapon2 1.2
                </span>
              </div>
            </div>
            <div
              className="CaseOpen-caseOpenItem-24"
            >
              <div
                className="CaseOpen-caseOpenItemImg-25"
              >
                <img
                  alt=""
                  src="GunCase.png"
                />
              </div>
              <div
                className="CaseOpen-caseOpenItemName-26"
              >
                Gun: 
                <span>
                  Good Weapon2 1.2
                </span>
              </div>
            </div>
            <div
              className="CaseOpen-caseOpenItem-24"
            >
              <div
                className="CaseOpen-caseOpenItemImg-25"
              >
                <img
                  alt=""
                  src="GunCase.png"
                />
              </div>
              <div
                className="CaseOpen-caseOpenItemName-26"
              >
                Gun: 
                <span>
                  Good Weapon2 1.2
                </span>
              </div>
            </div>
            <div
              className="CaseOpen-caseOpenItem-24"
            >
              <div
                className="CaseOpen-caseOpenItemImg-25"
              >
                <img
                  alt=""
                  src="GunCase.png"
                />
              </div>
              <div
                className="CaseOpen-caseOpenItemName-26"
              >
                Gun: 
                <span>
                  Good Weapon2 1.2
                </span>
              </div>
            </div>
            <div
              className="CaseOpen-caseOpenItem-24"
            >
              <div
                className="CaseOpen-caseOpenItemImg-25"
              >
                <img
                  alt=""
                  src="GunCase.png"
                />
              </div>
              <div
                className="CaseOpen-caseOpenItemName-26"
              >
                Gun: 
                <span>
                  Good Weapon2 1.2
                </span>
              </div>
            </div>
            <div
              className="CaseOpen-caseOpenItem-24"
            >
              <div
                className="CaseOpen-caseOpenItemImg-25"
              >
                <img
                  alt=""
                  src="GunCase.png"
                />
              </div>
              <div
                className="CaseOpen-caseOpenItemName-26"
              >
                Gun: 
                <span>
                  Good Weapon2 1.2
                </span>
              </div>
            </div>
            <div
              className="CaseOpen-caseOpenItem-24"
            >
              <div
                className="CaseOpen-caseOpenItemImg-25"
              >
                <img
                  alt=""
                  src="GunCase.png"
                />
              </div>
              <div
                className="CaseOpen-caseOpenItemName-26"
              >
                Gun: 
                <span>
                  Good Weapon2 1.2
                </span>
              </div>
            </div>
            <div
              className="CaseOpen-caseOpenItem-24"
            >
              <div
                className="CaseOpen-caseOpenItemImg-25"
              >
                <img
                  alt=""
                  src="GunCase.png"
                />
              </div>
              <div
                className="CaseOpen-caseOpenItemName-26"
              >
                Gun: 
                <span>
                  Good Weapon2 1.2
                </span>
              </div>
            </div>
            <div
              className="CaseOpen-caseOpenItem-24"
            >
              <div
                className="CaseOpen-caseOpenItemImg-25"
              >
                <img
                  alt=""
                  src="GunCase.png"
                />
              </div>
              <div
                className="CaseOpen-caseOpenItemName-26"
              >
                Gun: 
                <span>
                  Good Weapon2 1.2
                </span>
              </div>
            </div>
            <div
              className="CaseOpen-caseOpenItem-24"
            >
              <div
                className="CaseOpen-caseOpenItemImg-25"
              >
                <img
                  alt=""
                  src="GunCase.png"
                />
              </div>
              <div
                className="CaseOpen-caseOpenItemName-26"
              >
                Gun: 
                <span>
                  Good Weapon2 1.2
                </span>
              </div>
            </div>
            <div
              className="CaseOpen-caseOpenItem-24"
            >
              <div
                className="CaseOpen-caseOpenItemImg-25"
              >
                <img
                  alt=""
                  src="GunCase.png"
                />
              </div>
              <div
                className="CaseOpen-caseOpenItemName-26"
              >
                Gun: 
                <span>
                  Good Weapon2 1.2
                </span>
              </div>
            </div>
            <div
              className="CaseOpen-caseOpenItem-24"
            >
              <div
                className="CaseOpen-caseOpenItemImg-25"
              >
                <img
                  alt=""
                  src="GunCase.png"
                />
              </div>
              <div
                className="CaseOpen-caseOpenItemName-26"
              >
                Gun: 
                <span>
                  Good Weapon2 1.2
                </span>
              </div>
            </div>
            <div
              className="CaseOpen-caseOpenItem-24"
            >
              <div
                className="CaseOpen-caseOpenItemImg-25"
              >
                <img
                  alt=""
                  src="GunCase.png"
                />
              </div>
              <div
                className="CaseOpen-caseOpenItemName-26"
              >
                Gun: 
                <span>
                  Good Weapon2 1.2
                </span>
              </div>
            </div>
            <div
              className="CaseOpen-caseOpenItem-24"
            >
              <div
                className="CaseOpen-caseOpenItemImg-25"
              >
                <img
                  alt=""
                  src="GunCase.png"
                />
              </div>
              <div
                className="CaseOpen-caseOpenItemName-26"
              >
                Gun: 
                <span>
                  Good Weapon2 1.2
                </span>
              </div>
            </div>
            <div
              className="CaseOpen-caseOpenItem-24"
            >
              <div
                className="CaseOpen-caseOpenItemImg-25"
              >
                <img
                  alt=""
                  src="GunCase.png"
                />
              </div>
              <div
                className="CaseOpen-caseOpenItemName-26"
              >
                Gun: 
                <span>
                  Good Weapon2 1.2
                </span>
              </div>
            </div>
          </div>
        </div>
        <div
          className="CasesRelated-root-27"
        >
          <div
            className="CasesRelated-casesRelatedTilte-28"
          >
            Related to this case:
          </div>
          <div
            className="CasesRelated-casesRelatedItem-29"
          >
            <div
              className="CasesRelated-casesRelatedItemImg-30"
            >
              <img
                alt=""
                src="caseX.png"
              />
            </div>
            <div
              className="CasesRelated-casesRelatedItemName-31"
            >
              Gun: 
              <span>
                Good Weapon2 1.2
              </span>
            </div>
          </div>
          <div
            className="CasesRelated-casesRelatedItem-29"
          >
            <div
              className="CasesRelated-casesRelatedItemImg-30"
            >
              <img
                alt=""
                src="caseX.png"
              />
            </div>
            <div
              className="CasesRelated-casesRelatedItemName-31"
            >
              Gun: 
              <span>
                Good Weapon2 1.2
              </span>
            </div>
          </div>
          <div
            className="CasesRelated-casesRelatedItem-29"
          >
            <div
              className="CasesRelated-casesRelatedItemImg-30"
            >
              <img
                alt=""
                src="caseX.png"
              />
            </div>
            <div
              className="CasesRelated-casesRelatedItemName-31"
            >
              Gun: 
              <span>
                Good Weapon2 1.2
              </span>
            </div>
          </div>
          <div
            className="CasesRelated-casesRelatedItem-29"
          >
            <div
              className="CasesRelated-casesRelatedItemImg-30"
            >
              <img
                alt=""
                src="caseX.png"
              />
            </div>
            <div
              className="CasesRelated-casesRelatedItemName-31"
            >
              Gun: 
              <span>
                Good Weapon2 1.2
              </span>
            </div>
          </div>
          <div
            className="CasesRelated-casesRelatedItem-29"
          >
            <div
              className="CasesRelated-casesRelatedItemImg-30"
            >
              <img
                alt=""
                src="caseX.png"
              />
            </div>
            <div
              className="CasesRelated-casesRelatedItemName-31"
            >
              Gun: 
              <span>
                Good Weapon2 1.2
              </span>
            </div>
          </div>
          <div
            className="CasesRelated-casesRelatedItem-29"
          >
            <div
              className="CasesRelated-casesRelatedItemImg-30"
            >
              <img
                alt=""
                src="caseX.png"
              />
            </div>
            <div
              className="CasesRelated-casesRelatedItemName-31"
            >
              Gun: 
              <span>
                Good Weapon2 1.2
              </span>
            </div>
          </div>
        </div>
      </main>
    </div>
  </div>
  <footer
    className="Footer-root-32"
  >
    <ul
      className="Footer-footerNav-33"
    >
      <li>
        <a
          className="Footer-footerNavItem-34"
          href="/"
          onClick={[Function]}
        >
          Dashboard
        </a>
      </li>
      <li>
        <a
          className="Footer-footerNavItem-34"
          href="/"
          onClick={[Function]}
        >
          Wallet
        </a>
      </li>
      <li>
        <a
          className="Footer-footerNavItem-34"
          href="/"
          onClick={[Function]}
        >
          Shop
        </a>
      </li>
      <li>
        <a
          className="Footer-footerNavItem-34"
          href="/games"
          onClick={[Function]}
        >
          Games
        </a>
      </li>
      <li>
        <a
          className="Footer-footerNavItem-34"
          href="/"
          onClick={[Function]}
        >
          Friends
        </a>
      </li>
      <li>
        <a
          className="Footer-footerNavItem-34"
          href="/"
          onClick={[Function]}
        >
          Settings
        </a>
      </li>
    </ul>
    <span>
      Vault. All Rights Reserved 2018
    </span>
  </footer>
</div>
`;
