// Jest Snapshot v1, https://goo.gl/fbAQLP

exports[`<Vchange /> renders correctly 1`] = `
<main>
  <div
    className="Vchange-root-1"
  >
    <div
      className="Vchange-title-2"
    >
      Pair to exchange
    </div>
    <div
      className="Vchange-wrChooseCurrency-3"
    >
      <div
        className="Vchange-wrCurrency-5"
      >
        <div
          className="MuiInputBase-root-33 MuiInput-root-20 MuiInput-underline-24 Vchange-selectCurency-7"
          onClick={[Function]}
        >
          <div
            className="MuiSelect-root-13"
          >
            <div
              aria-haspopup="true"
              aria-pressed="false"
              className="Vchange-selectField-9"
              id="select-firstCurency"
              onBlur={[Function]}
              onClick={[Function]}
              onFocus={[Function]}
              onKeyDown={[Function]}
              role="button"
              tabIndex={0}
            >
              <div
                className="Vchange-curency-11"
              >
                <img
                  alt=""
                  src="btc_icon.png"
                />
                BTC
              </div>
            </div>
            <input
              id="curencyDropdownFirst"
              name="firstCurency"
              type="hidden"
              value="BTC"
            />
            <i
              className="Vchange-curencyIcon-10"
            />
          </div>
        </div>
        <div
          className="Vchange-balance-6"
        >
          Balance: 0.2658 
          BTC
        </div>
      </div>
      <div
        className="Vchange-hyphen-4"
      >
        -
      </div>
      <div
        className="Vchange-wrCurrency-5"
      >
        <div
          className="MuiInputBase-root-33 MuiInput-root-20 MuiInput-underline-24 Vchange-selectCurency-7"
          onClick={[Function]}
        >
          <div
            className="MuiSelect-root-13"
          >
            <div
              aria-haspopup="true"
              aria-pressed="false"
              className="Vchange-selectField-9"
              id="select-secondCurency"
              onBlur={[Function]}
              onClick={[Function]}
              onFocus={[Function]}
              onKeyDown={[Function]}
              role="button"
              tabIndex={0}
            >
              <div
                className="Vchange-curency-11"
              >
                <img
                  alt=""
                  src="usd_icon.png"
                />
                USD
              </div>
            </div>
            <input
              id="curencyDropdownSecond"
              name="secondCurency"
              type="hidden"
              value="USD"
            />
            <i
              className="Vchange-curencyIcon-10"
            />
          </div>
        </div>
        <div
          className="Vchange-balance-6"
        >
          Balance: 2378.89 
          USD
        </div>
      </div>
    </div>
    <div
      className="Graph-root-54"
    >
      <img
        alt=""
        src="graphTMP.png"
      />
    </div>
    <div
      className="Vchange-prices-12"
    >
      <div
        className="PricesBuy-root-55"
      >
        <div
          className="PricesBuy-title-56"
        >
          <span>
            Buy
          </span>
           BTC: Prices
        </div>
        <table
          cellSpacing="0"
          className="PricesBuy-wrTable-57"
        >
          <tbody>
            <tr>
              <th>
                Price (USDT)
              </th>
              <th>
                Ammount (BTC)
              </th>
              <th>
                Total (USDT)
              </th>
            </tr>
            <tr
              className="PricesBuy-wrItem-58"
            >
              <td>
                3752.22
              </td>
              <td>
                1.0000
              </td>
              <td>
                3752.2200000
              </td>
            </tr>
            <tr
              className="PricesBuy-wrItem-58"
            >
              <td>
                3752.22
              </td>
              <td>
                1.0000
              </td>
              <td>
                3752.2200000
              </td>
            </tr>
            <tr
              className="PricesBuy-wrItem-58"
            >
              <td>
                3752.22
              </td>
              <td>
                1.0000
              </td>
              <td>
                3752.2200000
              </td>
            </tr>
            <tr
              className="PricesBuy-wrItem-58"
            >
              <td>
                3752.22
              </td>
              <td>
                1.0000
              </td>
              <td>
                3752.2200000
              </td>
            </tr>
          </tbody>
        </table>
      </div>
      <div
        className="PricesSell-root-59"
      >
        <div
          className="PricesSell-title-60"
        >
          <span>
            Sell
          </span>
           BTC: Prices
        </div>
        <table
          cellSpacing="0"
          className="PricesSell-wrTable-61"
        >
          <tbody>
            <tr>
              <th>
                Price (USDT)
              </th>
              <th>
                Ammount (BTC)
              </th>
              <th>
                Total (USDT)
              </th>
            </tr>
            <tr
              className="PricesSell-wrItem-62"
            >
              <td>
                3752.22
              </td>
              <td>
                1.0000
              </td>
              <td>
                3752.2200000
              </td>
            </tr>
            <tr
              className="PricesSell-wrItem-62"
            >
              <td>
                3752.22
              </td>
              <td>
                1.0000
              </td>
              <td>
                3752.2200000
              </td>
            </tr>
            <tr
              className="PricesSell-wrItem-62"
            >
              <td>
                3752.22
              </td>
              <td>
                1.0000
              </td>
              <td>
                3752.2200000
              </td>
            </tr>
            <tr
              className="PricesSell-wrItem-62"
            >
              <td>
                3752.22
              </td>
              <td>
                1.0000
              </td>
              <td>
                3752.2200000
              </td>
            </tr>
          </tbody>
        </table>
      </div>
    </div>
  </div>
</main>
`;
