// Jest Snapshot v1, https://goo.gl/fbAQLP

exports[`renders correctly 1`] = `
<div
  className="TradePayment-root-1"
>
  <div
    className="TradePayment-paymentTitle-2"
  >
    Choose the way to cash out:
  </div>
  <div
    className="TradePayment-paymentWay-3"
  >
    <div
      className="TradePayment-paymentWayItem-4 TradePayment-paymentSelectItem-5"
    >
      <div
        className="TradePayment-paymentWayItemImg-6"
      >
        <img
          alt=""
          src="visa.png"
        />
      </div>
      <div
        className="TradePayment-paymentWayItemName-7"
      >
        Credit Card
      </div>
      <div
        className="TradePayment-paymentWayItemUnderline-8 TradePayment-selected-9"
      />
    </div>
    <div
      className="TradePayment-paymentWayItem-4"
    >
      <div
        className="TradePayment-paymentWayItemImg-6"
      >
        <img
          alt=""
          src="bitcnpay.png"
        />
      </div>
      <div
        className="TradePayment-paymentWayItemName-7"
      >
        Bitcoin
      </div>
      <div
        className="TradePayment-paymentWayItemUnderline-8"
      />
    </div>
    <div
      className="TradePayment-paymentWayItem-4"
    >
      <div
        className="TradePayment-paymentWayItemImg-6"
      >
        <img
          alt=""
          src="agspay.png"
        />
      </div>
      <div
        className="TradePayment-paymentWayItemName-7"
      >
        CryptaurCoin
      </div>
      <div
        className="TradePayment-paymentWayItemUnderline-8"
      />
    </div>
  </div>
  <div
    className="PaymentCard-root-20"
  >
    <div
      className="PaymentCard-paymentCardTitle-21"
    >
      Cashout on my Credit card:
    </div>
    <div
      className="PaymentCard-paymentInputWrap-22"
    >
      <input
        className="PaymentCard-paymentCardNum-24"
        placeholder="Card Number"
        type="text"
      />
    </div>
    <div
      className="PaymentCard-paymentInputWrap2-23"
    >
      <input
        className="PaymentCard-paymentCardHolder-25"
        placeholder="Card Holder"
        type="text"
      />
    </div>
    <div
      className="PaymentCard-paymentCardMonth-26"
    >
      MM
    </div>
    <div
      className="PaymentCard-paymentCardYear-27"
    >
      YYYY
    </div>
    <div
      className="PaymentCard-paymentInputWrap3-28"
    >
      <input
        className="PaymentCard-paymentCardCvc-29"
        placeholder="CVC"
        type="text"
      />
    </div>
  </div>
  <div
    className="PaymentSelected-root-30"
  >
    <div
      className="PaymentSelected-paymentSelectedTitle-31"
    >
      You selected 6 items:
    </div>
    <div
      className="PaymentSelected-paymentSelectedItem-32"
    >
      <div>
        0
        ) 
        Good EWeapon 1.2
         ....
      </div>
      <div
        className="PaymentSelected-selectedPrice-33"
      >
        $12.20
      </div>
      <div
        className="PaymentSelected-selectedClose-34"
      />
    </div>
    <div
      className="PaymentSelected-paymentSelectedItem-32"
    >
      <div>
        1
        ) 
        Good EWeapon 1.2
         ....
      </div>
      <div
        className="PaymentSelected-selectedPrice-33"
      >
        $12.20
      </div>
      <div
        className="PaymentSelected-selectedClose-34"
      />
    </div>
    <div
      className="PaymentSelected-paymentSelectedItem-32"
    >
      <div>
        2
        ) 
        Good EWeapon 1.2
         ....
      </div>
      <div
        className="PaymentSelected-selectedPrice-33"
      >
        $12.20
      </div>
      <div
        className="PaymentSelected-selectedClose-34"
      />
    </div>
    <div
      className="PaymentSelected-paymentSelectedItem-32"
    >
      <div>
        3
        ) 
        Good EWeapon 1.2
         ....
      </div>
      <div
        className="PaymentSelected-selectedPrice-33"
      >
        $12.20
      </div>
      <div
        className="PaymentSelected-selectedClose-34"
      />
    </div>
    <div
      className="PaymentSelected-paymentSelectedItem-32"
    >
      <div>
        4
        ) 
        Good EWeapon 1.2
         ....
      </div>
      <div
        className="PaymentSelected-selectedPrice-33"
      >
        $12.20
      </div>
      <div
        className="PaymentSelected-selectedClose-34"
      />
    </div>
    <div
      className="PaymentSelected-paymentSelectedItem-32"
    >
      <div>
        5
        ) 
        Good EWeapon 1.2
         ....
      </div>
      <div
        className="PaymentSelected-selectedPrice-33"
      >
        $12.20
      </div>
      <div
        className="PaymentSelected-selectedClose-34"
      />
    </div>
  </div>
  <div
    className="TradePayment-paymentAmmount-10"
  >
    <div
      className="TradePayment-paymentAmmountText-11"
    >
      Total ammount: 
    </div>
    <div
      className="TradePayment-paymentAmmountFill-12"
    />
    <div
      className="TradePayment-paymentAmmountPrice-13"
    >
      $67.45
    </div>
  </div>
  <div
    className="TradePayment-paymentBonus-14"
  >
    <input
      className="TradePayment-paymentBonusCheck-15"
      id="paymentBonusCheck"
      type="checkbox"
    />
    <label
      className="TradePayment-paymentBonusCheckLabel-16"
      htmlFor="paymentBonusCheck"
    >
      Yes, I have a bonus code!
    </label>
  </div>
  <div
    className="TradePayment-paymentInputWrap4-17"
  >
    <input
      className="TradePayment-paymentBonusInput-18"
      placeholder="Enter Your Bonus Code"
      type="text"
    />
  </div>
  <div
    className="TradePayment-paymentBtn-19"
  >
    CASHOUT
  </div>
</div>
`;
