// Jest Snapshot v1, https://goo.gl/fbAQLP

exports[`renders correctly 1`] = `
<div
  className="containerStreamWrap"
>
  <div
    className="Stream-containerTradeWrap-2"
  >
    <div
      className="Stream-containerTrade-3"
    >
      <header
        className="Stream-headerStream-1"
      />
      <main
        className="Stream-streamMain-4"
      >
        <div
          className="StreamBettingTop-root-5"
        >
          <div
            className="StreamBettingTop-streamLeftTeam-6"
          >
            <div>
              <div
                className="StreamBettingTop-streamTeamName-8"
              >
                <img
                  alt=""
                  className="StreamBettingTop-streamLeftLogo-7"
                  src="leftTeamLogo.png"
                />
                NRG
              </div>
              <div
                className="StreamBettingTop-streamCountry-9"
              >
                <img
                  alt=""
                  className="StreamBettingTop-streamFlag-10"
                  src="leftTeamFlag.png"
                />
                France
              </div>
            </div>
          </div>
          <div
            className="StreamBettingTop-streamCoef-11"
          >
            <div
              className="StreamBettingTop-streamCoefItem-13"
            >
              6.17
            </div>
            <div
              className="StreamBettingTop-streamVersus-12"
            >
              vs
            </div>
            <div
              className="StreamBettingTop-streamCoefItem-13"
            >
              1.25
            </div>
          </div>
          <div
            className="StreamBettingTop-streamRightTeam-14"
          >
            <div
              className="StreamBettingTop-streamRightTeam-14"
            >
              <div>
                <div
                  className="StreamBettingTop-streamTeamName-8"
                >
                  <img
                    alt=""
                    className="StreamBettingTop-streamRightLogo-15"
                    src="rightTeamLogo.png"
                  />
                  LDLC
                </div>
                <div
                  className="StreamBettingTop-streamCountry-9"
                >
                  <img
                    alt=""
                    className="StreamBettingTop-streamFlag-10"
                    src="rightTeamFlag.png"
                  />
                  Spain
                </div>
              </div>
            </div>
            <div
              className="StreamBettingTop-streamLive-16"
            >
              Live
            </div>
          </div>
          <div
            className="StreamBettingTop-streamEvent-17"
          >
            Event:
            <img
              alt=""
              src="streamEvent.png"
            />
          </div>
        </div>
        <div
          className="StreamScreen-root-18"
        >
          <img
            alt=""
            src="stream-image.png"
          />
        </div>
        <div
          className="StreamDescription-root-19"
        >
          <div
            className="StreamDescription-streamDescriptionLeft-20"
          >
            <div
              className="StreamDescription-streamDescriptionText-21"
            >
              Integer tempor semper sapien sit amet bibendum. Etiam ornare tellus at sapien vehicula, quis scelerisque turpis rokaste egestas quis botona.
            </div>
            <div
              className="StreamDescription-streamHashTags-22"
            >
              #ROLLED #BESTCRYPTO #ETH
               
              <div
                className="StreamDescription-streamAddHashTags-23"
              >
                +
              </div>
            </div>
          </div>
          <div
            className="StreamDescription-streamDescriptionRight-24"
          >
            <div
              className="StreamDescription-streamAddFavorites-25"
            >
              Add to favorites
            </div>
            <div
              className="StreamDescription-streamShareSocial-26"
            >
              Share in social
            </div>
          </div>
        </div>
        <div
          className="StreamTabs-root-27"
        >
          <div
            className="react-tabs"
            data-tabs={true}
            onClick={[Function]}
            onKeyDown={[Function]}
          >
            <ul
              className="StreamTabs-streamTabsTop-28"
              role="tablist"
            >
              <li
                aria-controls="react-tabs-1"
                aria-disabled="false"
                aria-selected="true"
                className="StreamTabs-streamTab-29 react-tabs__tab--selected"
                id="react-tabs-0"
                role="tab"
                tabIndex="0"
              >
                UPCOMING GAMES
              </li>
              <li
                aria-controls="react-tabs-3"
                aria-disabled="false"
                aria-selected="false"
                className="StreamTabs-streamTab-29"
                id="react-tabs-2"
                role="tab"
                tabIndex={null}
              >
                RESULTS
              </li>
            </ul>
            <div
              aria-labelledby="react-tabs-0"
              className="react-tabs__tab-panel react-tabs__tab-panel--selected"
              id="react-tabs-1"
              role="tabpanel"
            >
              <div
                className="StreamTabsBottom-root-30"
              >
                <div
                  className="StreamTabsNav-root-31"
                >
                  <div
                    className="StreamTabsNav-streamTabsNavItem-32 StreamTabsNav-liveNow-33"
                  >
                    <span>
                      LIVE NOW
                    </span>
                    <span
                      className="StreamTabsNav-streamTabsWatch-35"
                    >
                      2
                    </span>
                  </div>
                  <div
                    className="StreamTabsNav-streamTabsNavItem-32"
                  >
                    <img
                      alt=""
                      className="StreamTabsNav-streamTabsNavImg-34"
                      src="gamepad.svg"
                    />
                    <span>
                      ALL GAMES
                    </span>
                    <span
                      className="StreamTabsNav-streamTabsWatch-35"
                    >
                      2
                    </span>
                  </div>
                  <div
                    className="StreamTabsNav-streamTabsNavItem-32"
                  >
                    <img
                      alt=""
                      className="StreamTabsNav-streamTabsNavImg-34"
                      src="starcraft.png"
                    />
                    <span>
                      STARCRAFT 2
                    </span>
                    <span
                      className="StreamTabsNav-streamTabsWatch-35"
                    >
                      2
                    </span>
                  </div>
                  <div
                    className="StreamTabsNav-streamTabsNavItem-32"
                  >
                    <img
                      alt=""
                      className="StreamTabsNav-streamTabsNavImg-34"
                      src="dota-2.svg"
                    />
                    <span>
                      DOTA 2
                    </span>
                    <span
                      className="StreamTabsNav-streamTabsWatch-35"
                    >
                      2
                    </span>
                  </div>
                  <div
                    className="StreamTabsNav-streamTabsNavItem-32"
                  >
                    <img
                      alt=""
                      className="StreamTabsNav-streamTabsNavImg-34"
                      src="overwatch.png"
                    />
                    <span>
                      CS:GO
                    </span>
                    <span
                      className="StreamTabsNav-streamTabsWatch-35"
                    >
                      2
                    </span>
                  </div>
                  <div
                    className="StreamTabsNav-streamTabsNavItem-32"
                  >
                    <img
                      alt=""
                      className="StreamTabsNav-streamTabsNavImg-34"
                      src="csgo.png"
                    />
                    <span>
                      CS:GO
                    </span>
                    <span
                      className="StreamTabsNav-streamTabsWatch-35"
                    >
                      2
                    </span>
                  </div>
                </div>
                <div
                  className="StreamLive-root-36"
                >
                  <div
                    className="StreamLive-streamLiveItem-37"
                  >
                    <div
                      className="StreamLive-streamLiveItemDate-38 StreamLive-itemDateLive-39"
                    >
                      Live
                    </div>
                    <div
                      className="StreamLive-streamLiveItemTeam-40 StreamLive-team1-41"
                    >
                      <img
                        alt=""
                        className="StreamLive-teamImg-43"
                        src="NRG+Logo+Light+Background.png"
                      />
                      <div
                        className="StreamLive-teamName-44"
                      >
                        NRG
                      </div>
                      <div
                        className="StreamLive-teamCountry-45 StreamLive-country1-46"
                      >
                        <img
                          alt=""
                          className="StreamLive-teamCountryImg-48"
                          src="france.png"
                        />
                        France
                      </div>
                    </div>
                    <div
                      className="StreamLive-streamLiveItemScore-50"
                    >
                      6.14
                    </div>
                    <div
                      className="StreamLive-streamLiveItemVs-49"
                    >
                      VS
                    </div>
                    <div
                      className="StreamLive-streamLiveItemScore-50"
                    >
                      1.25
                    </div>
                    <div
                      className="StreamLive-streamLiveItemTeam-40 StreamLive-team2-42"
                    >
                      <img
                        alt=""
                        className="StreamLive-teamImg-43"
                        src="Team_LDLC_Logo.png"
                      />
                      <div
                        className="StreamLive-teamName-44"
                      >
                        LDLC
                      </div>
                      <div
                        className="StreamLive-teamCountry-45 StreamLive-country2-47"
                      >
                        <img
                          alt=""
                          className="StreamLive-teamCountryImg-48"
                          src="spain.png"
                        />
                        Spain
                      </div>
                    </div>
                    <div
                      className="StreamLive-streamLiveItemEvent-51"
                    >
                      EVENT
                      <img
                        alt=""
                        className="StreamLive-streamLiveItemEventImg-52"
                        src="event.png"
                      />
                    </div>
                    <div
                      className="StreamLive-streamLiveItemLink-53"
                    />
                  </div>
                  <div
                    className="StreamLive-streamLiveItem-37"
                  >
                    <div
                      className="StreamLive-streamLiveItemDate-38"
                    >
                      12:30 PM
                       
                      <br />
                      <span>
                        7/12/2018
                      </span>
                    </div>
                    <div
                      className="StreamLive-streamLiveItemTeam-40 StreamLive-team1-41"
                    >
                      <img
                        alt=""
                        className="StreamLive-teamImg-43"
                        src="NRG+Logo+Light+Background.png"
                      />
                      <div
                        className="StreamLive-teamName-44"
                      >
                        NRG
                      </div>
                      <div
                        className="StreamLive-teamCountry-45 StreamLive-country1-46"
                      >
                        <img
                          alt=""
                          className="StreamLive-teamCountryImg-48"
                          src="france.png"
                        />
                        France
                      </div>
                    </div>
                    <div
                      className="StreamLive-streamLiveItemScore-50"
                    >
                      6.14
                    </div>
                    <div
                      className="StreamLive-streamLiveItemVs-49"
                    >
                      VS
                    </div>
                    <div
                      className="StreamLive-streamLiveItemScore-50"
                    >
                      1.25
                    </div>
                    <div
                      className="StreamLive-streamLiveItemTeam-40 StreamLive-team2-42"
                    >
                      <img
                        alt=""
                        className="StreamLive-teamImg-43"
                        src="Team_LDLC_Logo.png"
                      />
                      <div
                        className="StreamLive-teamName-44"
                      >
                        LDLC
                      </div>
                      <div
                        className="StreamLive-teamCountry-45 StreamLive-country2-47"
                      >
                        <img
                          alt=""
                          className="StreamLive-teamCountryImg-48"
                          src="spain.png"
                        />
                        Spain
                      </div>
                    </div>
                    <div
                      className="StreamLive-streamLiveItemEvent-51"
                    >
                      EVENT
                      <img
                        alt=""
                        className="StreamLive-streamLiveItemEventImg-52"
                        src="event.png"
                      />
                    </div>
                    <div
                      className="StreamLive-streamLiveItemLink-53"
                    />
                  </div>
                  <div
                    className="StreamLive-streamLiveItem-37"
                  >
                    <div
                      className="StreamLive-streamLiveItemDate-38 StreamLive-itemDateLive-39"
                    >
                      Live
                    </div>
                    <div
                      className="StreamLive-streamLiveItemTeam-40 StreamLive-team1-41"
                    >
                      <img
                        alt=""
                        className="StreamLive-teamImg-43"
                        src="NRG+Logo+Light+Background.png"
                      />
                      <div
                        className="StreamLive-teamName-44"
                      >
                        NRG
                      </div>
                      <div
                        className="StreamLive-teamCountry-45 StreamLive-country1-46"
                      >
                        <img
                          alt=""
                          className="StreamLive-teamCountryImg-48"
                          src="france.png"
                        />
                        France
                      </div>
                    </div>
                    <div
                      className="StreamLive-streamLiveItemScore-50"
                    >
                      6.14
                    </div>
                    <div
                      className="StreamLive-streamLiveItemVs-49"
                    >
                      VS
                    </div>
                    <div
                      className="StreamLive-streamLiveItemScore-50"
                    >
                      1.25
                    </div>
                    <div
                      className="StreamLive-streamLiveItemTeam-40 StreamLive-team2-42"
                    >
                      <img
                        alt=""
                        className="StreamLive-teamImg-43"
                        src="Team_LDLC_Logo.png"
                      />
                      <div
                        className="StreamLive-teamName-44"
                      >
                        LDLC
                      </div>
                      <div
                        className="StreamLive-teamCountry-45 StreamLive-country2-47"
                      >
                        <img
                          alt=""
                          className="StreamLive-teamCountryImg-48"
                          src="spain.png"
                        />
                        Spain
                      </div>
                    </div>
                    <div
                      className="StreamLive-streamLiveItemEvent-51"
                    >
                      EVENT
                      <img
                        alt=""
                        className="StreamLive-streamLiveItemEventImg-52"
                        src="event.png"
                      />
                    </div>
                    <div
                      className="StreamLive-streamLiveItemLink-53"
                    />
                  </div>
                  <div
                    className="StreamLive-streamLiveItem-37"
                  >
                    <div
                      className="StreamLive-streamLiveItemDate-38"
                    >
                      12:30 PM
                       
                      <br />
                      <span>
                        7/12/2018
                      </span>
                    </div>
                    <div
                      className="StreamLive-streamLiveItemTeam-40 StreamLive-team1-41"
                    >
                      <img
                        alt=""
                        className="StreamLive-teamImg-43"
                        src="NRG+Logo+Light+Background.png"
                      />
                      <div
                        className="StreamLive-teamName-44"
                      >
                        NRG
                      </div>
                      <div
                        className="StreamLive-teamCountry-45 StreamLive-country1-46"
                      >
                        <img
                          alt=""
                          className="StreamLive-teamCountryImg-48"
                          src="france.png"
                        />
                        France
                      </div>
                    </div>
                    <div
                      className="StreamLive-streamLiveItemScore-50"
                    >
                      6.14
                    </div>
                    <div
                      className="StreamLive-streamLiveItemVs-49"
                    >
                      VS
                    </div>
                    <div
                      className="StreamLive-streamLiveItemScore-50"
                    >
                      1.25
                    </div>
                    <div
                      className="StreamLive-streamLiveItemTeam-40 StreamLive-team2-42"
                    >
                      <img
                        alt=""
                        className="StreamLive-teamImg-43"
                        src="Team_LDLC_Logo.png"
                      />
                      <div
                        className="StreamLive-teamName-44"
                      >
                        LDLC
                      </div>
                      <div
                        className="StreamLive-teamCountry-45 StreamLive-country2-47"
                      >
                        <img
                          alt=""
                          className="StreamLive-teamCountryImg-48"
                          src="spain.png"
                        />
                        Spain
                      </div>
                    </div>
                    <div
                      className="StreamLive-streamLiveItemEvent-51"
                    >
                      EVENT
                      <img
                        alt=""
                        className="StreamLive-streamLiveItemEventImg-52"
                        src="event.png"
                      />
                    </div>
                    <div
                      className="StreamLive-streamLiveItemLink-53"
                    />
                  </div>
                </div>
              </div>
            </div>
            <div
              aria-labelledby="react-tabs-2"
              className="react-tabs__tab-panel"
              id="react-tabs-3"
              role="tabpanel"
            />
          </div>
        </div>
      </main>
    </div>
  </div>
  <footer
    className="Footer-root-54"
  >
    <ul
      className="Footer-footerNav-55"
    >
      <li>
        <a
          className="Footer-footerNavItem-56"
          href="/"
          onClick={[Function]}
        >
          Dashboard
        </a>
      </li>
      <li>
        <a
          className="Footer-footerNavItem-56"
          href="/"
          onClick={[Function]}
        >
          Wallet
        </a>
      </li>
      <li>
        <a
          className="Footer-footerNavItem-56"
          href="/"
          onClick={[Function]}
        >
          Shop
        </a>
      </li>
      <li>
        <a
          className="Footer-footerNavItem-56"
          href="/games"
          onClick={[Function]}
        >
          Games
        </a>
      </li>
      <li>
        <a
          className="Footer-footerNavItem-56"
          href="/"
          onClick={[Function]}
        >
          Friends
        </a>
      </li>
      <li>
        <a
          className="Footer-footerNavItem-56"
          href="/"
          onClick={[Function]}
        >
          Settings
        </a>
      </li>
    </ul>
    <span>
      Vault. All Rights Reserved 2018
    </span>
  </footer>
</div>
`;
