// Jest Snapshot v1, https://goo.gl/fbAQLP

exports[`renders correctly 1`] = `
<div
  className="Step1-root-1"
>
  <form
    className="Step1-registrStep1-2"
    onSubmit={[Function]}
  >
    <h1
      className="Step1-step1Title-3"
    >
      Registration
    </h1>
    <div
      className="Step1-step1Label-4"
    >
      Vault ID:
    </div>
    <div
      className="Step1-wrKey-6"
    >
      0000000000000000000000000000000000000000000000000000000000000000
      <img
        alt=""
        className="Step1-refresh-7"
        onClick={[Function]}
        src="refresh.png"
      />
    </div>
    <button
      className="Step1-step1BtnsSave-11"
      onClick={[Function]}
    >
      Save key
    </button>
    <div>
      <a
        className="Step1-step1BtnBack-8"
        href="/login"
        onClick={[Function]}
      >
        Login
      </a>
      <a
        className="Step1-step1BtnsFinish-9"
        href="/finish-registration"
        onClick={[Function]}
      >
        Finish!
      </a>
    </div>
  </form>
</div>
`;
