// Jest Snapshot v1, https://goo.gl/fbAQLP

exports[`renders correctly 1`] = `
<div
  className="Action-root-1"
>
  <div
    className="Action-actionsSend-6"
  >
    <form
      className="Action-form-4"
      onSubmit={[Function]}
    >
      <span
        className="Action-sendTitle-7"
      >
        Send now
      </span>
      <div
        className="Action-wrSendField-8"
      >
        <label
          htmlFor="addressKey"
        >
          Address:
        </label>
        <input
          className="Action-sendAddressField-9"
          onBlur={[Function]}
          onChange={[Function]}
          onDragStart={[Function]}
          onDrop={[Function]}
          onFocus={[Function]}
          placeholder="Put address you want to send the money"
          type="text"
          value=""
        />
      </div>
      <div
        className="Action-wrSendField-8"
      >
        <label
          htmlFor="amount"
        >
          Amount:
        </label>
        <input
          className="Action-sendAmmountField-10"
          onBlur={[Function]}
          onChange={[Function]}
          onDragStart={[Function]}
          onDrop={[Function]}
          onFocus={[Function]}
          placeholder="Set ammount"
          type="text"
          value=""
        />
      </div>
      <button
        className="Action-sendBtn-12"
        type="submit"
      >
        Send money
      </button>
    </form>
  </div>
  <div
    className="Action-actionsInvoice-14"
  >
    <span
      className="Action-invoiceTitle-15"
    >
      Invoice
    </span>
    <div
      className="Action-wrSendField-8"
    >
      <label
        htmlFor="invoice"
      >
        Email:
      </label>
      <input
        className="Action-invoiceAmmountField-11"
        name="invoice"
        placeholder="Set ammount you need to receive"
        type="text"
      />
    </div>
    <button
      className="Action-sendBtn-12"
      type="submit"
    >
      Send Invoice
    </button>
  </div>
</div>
`;
