// Jest Snapshot v1, https://goo.gl/fbAQLP

exports[`renders correctly 1`] = `
<main>
  <div
    className="Dashboard-root-1"
  >
    <div
      className="Wallet-root-2"
    >
      <div
        className="Wallet-wallet-3"
      >
        <div
          className="Wallet-walletTitle-4"
        >
          <p>
            My Address:
          </p>
        </div>
        <div
          className="Wallet-walletAddress-6"
        >
          <img
            alt=""
            className="Wallet-copyIcon-5"
            onClick={[Function]}
            src="copy.svg"
          />
        </div>
        <div
          className="MuiInputBase-root-34 MuiInput-root-21 MuiInput-underline-25 Wallet-selectCurency-7"
          onClick={[Function]}
        >
          <div
            className="MuiSelect-root-14"
          >
            <div
              aria-haspopup="true"
              aria-pressed="false"
              className="Wallet-selectField-9"
              id="select-curency"
              onBlur={[Function]}
              onClick={[Function]}
              onFocus={[Function]}
              onKeyDown={[Function]}
              role="button"
              tabIndex={0}
            >
              <span
                dangerouslySetInnerHTML={
                  Object {
                    "__html": "&#8203;",
                  }
                }
              />
            </div>
            <input
              id="curencyDropdownWallet"
              name="curency"
              type="hidden"
              value="DCB"
            />
            <i
              className="Wallet-curencyIcon-10"
            />
          </div>
        </div>
        <ul
          className="Wallet-walletNav-12"
        >
          <li>
            <div
              className="Wallet-walletNavItem-13"
              onClick={[Function]}
            >
              DCB
            </div>
          </li>
          <li>
            <div
              className="Wallet-walletNavItem-13"
              onClick={[Function]}
            >
              USD
            </div>
          </li>
          <li>
            <div
              className="Wallet-walletNavItem-13"
              onClick={[Function]}
            >
              EUR
            </div>
          </li>
          <li>
            <div
              className="Wallet-walletNavItem-13"
              onClick={[Function]}
            >
              CPT
            </div>
          </li>
        </ul>
      </div>
      <div
        className="Action-root-55"
      >
        <div
          className="Action-actionsSend-60"
        >
          <form
            className="Action-form-58"
            onSubmit={[Function]}
          >
            <span
              className="Action-sendTitle-61"
            >
              Send now
            </span>
            <div
              className="Action-wrSendField-62"
            >
              <label
                htmlFor="addressKey"
              >
                Address:
              </label>
              <input
                className="Action-sendAddressField-63"
                onBlur={[Function]}
                onChange={[Function]}
                onDragStart={[Function]}
                onDrop={[Function]}
                onFocus={[Function]}
                placeholder="Put address you want to send the money"
                type="text"
                value=""
              />
            </div>
            <div
              className="Action-wrSendField-62"
            >
              <label
                htmlFor="amount"
              >
                Amount:
              </label>
              <input
                className="Action-sendAmmountField-64"
                onBlur={[Function]}
                onChange={[Function]}
                onDragStart={[Function]}
                onDrop={[Function]}
                onFocus={[Function]}
                placeholder="Set ammount"
                type="text"
                value=""
              />
            </div>
            <button
              className="Action-sendBtn-66"
              type="submit"
            >
              Send money
            </button>
          </form>
        </div>
        <div
          className="Action-actionsInvoice-68"
        >
          <span
            className="Action-invoiceTitle-69"
          >
            Invoice
          </span>
          <div
            className="Action-wrSendField-62"
          >
            <label
              htmlFor="invoice"
            >
              Email:
            </label>
            <input
              className="Action-invoiceAmmountField-65"
              name="invoice"
              placeholder="Set ammount you need to receive"
              type="text"
            />
          </div>
          <button
            className="Action-sendBtn-66"
            type="submit"
          >
            Send Invoice
          </button>
        </div>
      </div>
    </div>
    <section
      id="shops"
    >
      <div
        className="BestAd-bestTitle-73"
      >
        Shops
      </div>
      <div
        className="BestAd-root-70"
      >
        <div
          className="BestAd-bestItem-71"
        >
          <div
            className="BestAd-titleWrap-72"
          >
            <a
              className="BestAd-bestTitle-73"
              href="/games"
              onClick={[Function]}
            >
              Games
            </a>
          </div>
          <div
            className="BestAd-bestContent-74"
          >
            <a
              className="BestAd-bestImg-75"
              href="/games"
              onClick={[Function]}
            >
              <img
                alt=""
                className="BestAd-bestItemImg-76"
                src="CloverLogo1"
              />
            </a>
            <a
              className="BestAd-bestLink-77"
              href="/games"
              onClick={[Function]}
            >
              Game of the day
              : 
              <br />
              <span>
                Smash Champs
              </span>
            </a>
          </div>
        </div>
        <div
          className="BestAd-bestItem-71"
        >
          <div
            className="BestAd-titleWrap-72"
          >
            <a
              className="BestAd-bestTitle-73"
              href="/stream"
              onClick={[Function]}
            >
              Shop
            </a>
          </div>
          <div
            className="BestAd-bestContent-74"
          >
            <a
              className="BestAd-bestImg-75"
              href="/stream"
              onClick={[Function]}
            >
              <img
                alt=""
                className="BestAd-bestItemImg-76"
                src="CloverLogo1"
              />
            </a>
            <a
              className="BestAd-bestLink-77"
              href="/stream"
              onClick={[Function]}
            >
              Product of the day
              : 
              <br />
              <span>
                Blue cool Jelly
              </span>
            </a>
          </div>
        </div>
      </div>
    </section>
    <div
      className="Categories-root-78"
    >
      <div
        className="Categories-categories-79"
      >
        <div
          className="Categories-categTitleWrap-80"
        >
          <a
            className="Categories-categoriesTitle-81"
            href="/"
            onClick={[Function]}
          >
            Categories:
          </a>
        </div>
        <div
          className="CategorieItem-root-82"
        >
          <a
            className="CategorieItem-gameImg-83"
            href="/game/4clover"
            onClick={[Function]}
          >
            <img
              alt=""
              className="CategorieItem-gameImgLink-84"
              src="CloverLogo1"
            />
          </a>
          <a
            className="CategorieItem-gameLink-85"
            href="/game/4clover"
            onClick={[Function]}
          >
            Most popular
            : 
            <br />
             
            <span>
              4Clover
            </span>
          </a>
        </div>
        <div
          className="CategorieItem-root-82"
        >
          <a
            className="CategorieItem-gameImg-83"
            href="/game/4clover"
            onClick={[Function]}
          >
            <img
              alt=""
              className="CategorieItem-gameImgLink-84"
              src="CloverLogo1"
            />
          </a>
          <a
            className="CategorieItem-gameLink-85"
            href="/game/4clover"
            onClick={[Function]}
          >
            Most popular
            : 
            <br />
             
            <span>
              Dice games
            </span>
          </a>
        </div>
        <div
          className="CategorieItem-root-82"
        >
          <a
            className="CategorieItem-gameImg-83"
            href="/game/4clover"
            onClick={[Function]}
          >
            <img
              alt=""
              className="CategorieItem-gameImgLink-84"
              src="CloverLogo1"
            />
          </a>
          <a
            className="CategorieItem-gameLink-85"
            href="/game/4clover"
            onClick={[Function]}
          >
            For children
            : 
            <br />
             
            <span>
              Word games
            </span>
          </a>
        </div>
        <div
          className="CategorieItem-root-82"
        >
          <a
            className="CategorieItem-gameImg-83"
            href="/game/4clover"
            onClick={[Function]}
          >
            <img
              alt=""
              className="CategorieItem-gameImgLink-84"
              src="CloverLogo1"
            />
          </a>
          <a
            className="CategorieItem-gameLink-85"
            href="/game/4clover"
            onClick={[Function]}
          >
            For children
            : 
            <br />
             
            <span>
              Funny games
            </span>
          </a>
        </div>
        <div
          className="CategorieItem-root-82"
        >
          <a
            className="CategorieItem-gameImg-83"
            href="/game/4clover"
            onClick={[Function]}
          >
            <img
              alt=""
              className="CategorieItem-gameImgLink-84"
              src="CloverLogo1"
            />
          </a>
          <a
            className="CategorieItem-gameLink-85"
            href="/game/4clover"
            onClick={[Function]}
          >
            For children
            : 
            <br />
             
            <span>
              Word games
            </span>
          </a>
        </div>
        <div
          className="CategorieItem-root-82"
        >
          <a
            className="CategorieItem-gameImg-83"
            href="/game/4clover"
            onClick={[Function]}
          >
            <img
              alt=""
              className="CategorieItem-gameImgLink-84"
              src="CloverLogo1"
            />
          </a>
          <a
            className="CategorieItem-gameLink-85"
            href="/game/4clover"
            onClick={[Function]}
          >
            For children
            : 
            <br />
             
            <span>
              Word games
            </span>
          </a>
        </div>
      </div>
      <div
        className="Categories-categories-79"
      >
        <div
          className="Categories-categTitleWrap-80"
        >
          <a
            className="Categories-categoriesTitle-81"
            href="/"
            onClick={[Function]}
          >
            Categories:
          </a>
        </div>
        <div
          className="CategorieItem-root-82"
        >
          <a
            className="CategorieItem-gameImg-83"
            href="/game/4clover"
            onClick={[Function]}
          >
            <img
              alt=""
              className="CategorieItem-gameImgLink-84"
              src="CloverLogo1"
            />
          </a>
          <a
            className="CategorieItem-gameLink-85"
            href="/game/4clover"
            onClick={[Function]}
          >
            Most popular
            : 
            <br />
             
            <span>
              Loto games
            </span>
          </a>
        </div>
        <div
          className="CategorieItem-root-82"
        >
          <a
            className="CategorieItem-gameImg-83"
            href="/game/4clover"
            onClick={[Function]}
          >
            <img
              alt=""
              className="CategorieItem-gameImgLink-84"
              src="CloverLogo1"
            />
          </a>
          <a
            className="CategorieItem-gameLink-85"
            href="/game/4clover"
            onClick={[Function]}
          >
            Most popular
            : 
            <br />
             
            <span>
              Dice games
            </span>
          </a>
        </div>
        <div
          className="CategorieItem-root-82"
        >
          <a
            className="CategorieItem-gameImg-83"
            href="/game/4clover"
            onClick={[Function]}
          >
            <img
              alt=""
              className="CategorieItem-gameImgLink-84"
              src="CloverLogo1"
            />
          </a>
          <a
            className="CategorieItem-gameLink-85"
            href="/game/4clover"
            onClick={[Function]}
          >
            For children
            : 
            <br />
             
            <span>
              Word games
            </span>
          </a>
        </div>
      </div>
    </div>
    <section
      id="contacts"
    >
      <div
        className="Contacts-root-86"
      >
        <div
          className="Contacts-title-87"
        >
          Contacts
        </div>
        <div>
          <div
            className="Contacts-wrInfo-88"
          >
            <div
              className="Contacts-userPhoto-89"
            >
              <img
                alt=""
                src="user.jpg"
              />
            </div>
            <div>
              <div>
                Mike Grinch
              </div>
              <div>
                0x000000000000000000000000000000000000000000000000000000000
                <img
                  alt=""
                  className="Contacts-copyIcon-90"
                  src="copy.svg"
                />
              </div>
            </div>
          </div>
          <div
            className="Contacts-wrInfo-88"
          >
            <div
              className="Contacts-userPhoto-89"
            >
              <img
                alt=""
                src="user.jpg"
              />
            </div>
            <div>
              <div>
                Clarck Malkolm
              </div>
              <div>
                0x000000000000000000000000000000000000000000000000000000000
                <img
                  alt=""
                  className="Contacts-copyIcon-90"
                  src="copy.svg"
                />
              </div>
            </div>
          </div>
        </div>
      </div>
    </section>
    <section
      id="settings"
    >
      <div
        className="Settings-root-91"
      >
        <div
          className="Settings-title-92"
        >
          Settings
        </div>
        <div
          className="Settings-themeTitle-93"
        >
          Theme
        </div>
        <div
          className="Settings-wrBtns-94"
        >
          <button
            className="Settings-btn-95"
          >
            Light
          </button>
          <button
            className="Settings-btn-95 Settings-disableBtn-96"
          >
            Dark
          </button>
        </div>
        <div>
          <span
            className="MuiButtonBase-root-113 MuiIconButton-root-107 MuiPrivateSwitchBase-root-103 MuiCheckbox-root-97 MuiCheckbox-colorPrimary-101"
            onBlur={[Function]}
            onContextMenu={[Function]}
            onFocus={[Function]}
            onKeyDown={[Function]}
            onKeyUp={[Function]}
            onMouseDown={[Function]}
            onMouseLeave={[Function]}
            onMouseUp={[Function]}
            onTouchEnd={[Function]}
            onTouchMove={[Function]}
            onTouchStart={[Function]}
            tabIndex={null}
          >
            <span
              className="MuiIconButton-label-112"
            >
              <svg
                aria-hidden="true"
                className="MuiSvgIcon-root-116"
                focusable="false"
                role="presentation"
                viewBox="0 0 24 24"
              >
                <path
                  d="M19 5v14H5V5h14m0-2H5c-1.1 0-2 .9-2 2v14c0 1.1.9 2 2 2h14c1.1 0 2-.9 2-2V5c0-1.1-.9-2-2-2z"
                />
              </svg>
              <input
                checked={false}
                className="MuiPrivateSwitchBase-input-106"
                data-indeterminate={false}
                onChange={[Function]}
                type="checkbox"
                value="checkedB"
              />
            </span>
            <span
              className="MuiTouchRipple-root-125"
            />
          </span>
          Subscribe for funds receiving
        </div>
      </div>
    </section>
  </div>
</main>
`;
