// Jest Snapshot v1, https://goo.gl/fbAQLP

exports[`renders correctly 1`] = `
<div
  className="StreamBettingTop-root-1"
>
  <div
    className="StreamBettingTop-streamLeftTeam-2"
  >
    <div>
      <div
        className="StreamBettingTop-streamTeamName-4"
      >
        <img
          alt=""
          className="StreamBettingTop-streamLeftLogo-3"
          src="leftTeamLogo.png"
        />
        NRG
      </div>
      <div
        className="StreamBettingTop-streamCountry-5"
      >
        <img
          alt=""
          className="StreamBettingTop-streamFlag-6"
          src="leftTeamFlag.png"
        />
        France
      </div>
    </div>
  </div>
  <div
    className="StreamBettingTop-streamCoef-7"
  >
    <div
      className="StreamBettingTop-streamCoefItem-9"
    >
      6.17
    </div>
    <div
      className="StreamBettingTop-streamVersus-8"
    >
      vs
    </div>
    <div
      className="StreamBettingTop-streamCoefItem-9"
    >
      1.25
    </div>
  </div>
  <div
    className="StreamBettingTop-streamRightTeam-10"
  >
    <div
      className="StreamBettingTop-streamRightTeam-10"
    >
      <div>
        <div
          className="StreamBettingTop-streamTeamName-4"
        >
          <img
            alt=""
            className="StreamBettingTop-streamRightLogo-11"
            src="rightTeamLogo.png"
          />
          LDLC
        </div>
        <div
          className="StreamBettingTop-streamCountry-5"
        >
          <img
            alt=""
            className="StreamBettingTop-streamFlag-6"
            src="rightTeamFlag.png"
          />
          Spain
        </div>
      </div>
    </div>
    <div
      className="StreamBettingTop-streamLive-12"
    >
      Live
    </div>
  </div>
  <div
    className="StreamBettingTop-streamEvent-13"
  >
    Event:
    <img
      alt=""
      src="streamEvent.png"
    />
  </div>
</div>
`;
