// Jest Snapshot v1, https://goo.gl/fbAQLP

exports[`renders correctly 1`] = `
<div
  className="mainWrapperTrade"
>
  <div
    className="Cases-containerTradeWrap-1"
  >
    <div
      className="Cases-containerTrade-2"
    >
      <header
        className="Cases-headerSkins-3"
      />
      <main
        className="Cases-cases-4"
      >
        <div
          className="CasesFilter-root-5"
        >
          <input
            className="CasesFilter-casesFilterSearch-6"
            placeholder="Search"
            type="text"
          />
          <div
            className="CasesFilter-casesFilterOptions-7"
          >
            <div
              className="CasesFilter-casesFilterType-8"
            >
              <div
                className="CasesFilter-casesFilterItem-9"
              >
                less than $15&lt;
              </div>
              <div
                className="CasesFilter-casesFilterItem-9"
              >
                $15-30
              </div>
              <div
                className="CasesFilter-casesFilterItem-9 CasesFilter-selectedItem-11"
              >
                 $30-60
              </div>
              <div
                className="CasesFilter-casesFilterItem-9"
              >
                $60-90
              </div>
              <div
                className="CasesFilter-casesFilterItem-9"
              >
                less than $15&lt;
              </div>
            </div>
            <div
              className="CasesFilter-casesFilterType-8"
            >
              <div
                className="CasesFilter-casesFilterItem-9"
              >
                CS:GO
              </div>
              <div
                className="CasesFilter-casesFilterItem-9"
              >
                Dota 2
              </div>
              <div
                className="CasesFilter-casesFilterItem-9 CasesFilter-selectedItem-11"
              >
                Starcraft 2
              </div>
              <div
                className="CasesFilter-casesFilterItem-9"
              >
                 Maincraft
              </div>
              <div
                className="CasesFilter-casesFilterItem-9"
              >
                Rainbow Six
              </div>
            </div>
          </div>
          <div
            className="CasesFilter-casesFilterBtn-12"
          />
        </div>
        <div
          className="CasesList-root-13"
        >
          <div
            className="CasesList-casesListItem-14"
          >
            <div
              className="CasesList-casesListItemImg-15"
            >
              <img
                alt=""
                src="caseX.png"
              />
            </div>
            <div
              className="CasesList-casesListItemName-16"
            >
              Case: 
              <span>
                Hello, buddy!
              </span>
            </div>
            <div
              className="CasesList-casesListItemPrise-17"
            >
              Open for 
              <span>
                $34.20
              </span>
            </div>
            <div
              className="CasesList-casesListItemGame-18"
            >
              Case: 
              <span>
                CS:GO
              </span>
            </div>
            <div
              className="CasesList-casesListItemMarker-19"
            />
          </div>
          <div
            className="CasesList-casesListItem-14"
          >
            <div
              className="CasesList-casesListItemImg-15"
            >
              <img
                alt=""
                src="caseX.png"
              />
            </div>
            <div
              className="CasesList-casesListItemName-16"
            >
              Case: 
              <span>
                Hello, buddy!
              </span>
            </div>
            <div
              className="CasesList-casesListItemPrise-17"
            >
              Open for 
              <span>
                $34.20
              </span>
            </div>
            <div
              className="CasesList-casesListItemGame-18"
            >
              Case: 
              <span>
                CS:GO
              </span>
            </div>
            <div
              className="CasesList-casesListItemMarker-19"
            />
          </div>
          <div
            className="CasesList-casesListItem-14"
          >
            <div
              className="CasesList-casesListItemImg-15"
            >
              <img
                alt=""
                src="caseX.png"
              />
            </div>
            <div
              className="CasesList-casesListItemName-16"
            >
              Case: 
              <span>
                Hello, buddy!
              </span>
            </div>
            <div
              className="CasesList-casesListItemPrise-17"
            >
              Open for 
              <span>
                $34.20
              </span>
            </div>
            <div
              className="CasesList-casesListItemGame-18"
            >
              Case: 
              <span>
                CS:GO
              </span>
            </div>
            <div
              className="CasesList-casesListItemMarker-19"
            />
          </div>
          <div
            className="CasesList-casesListItem-14"
          >
            <div
              className="CasesList-casesListItemImg-15"
            >
              <img
                alt=""
                src="caseX.png"
              />
            </div>
            <div
              className="CasesList-casesListItemName-16"
            >
              Case: 
              <span>
                Hello, buddy!
              </span>
            </div>
            <div
              className="CasesList-casesListItemPrise-17"
            >
              Open for 
              <span>
                $34.20
              </span>
            </div>
            <div
              className="CasesList-casesListItemGame-18"
            >
              Case: 
              <span>
                CS:GO
              </span>
            </div>
            <div
              className="CasesList-casesListItemMarker-19"
            />
          </div>
        </div>
      </main>
    </div>
  </div>
  <footer
    className="Footer-root-20"
  >
    <ul
      className="Footer-footerNav-21"
    >
      <li>
        <a
          className="Footer-footerNavItem-22"
          href="/"
          onClick={[Function]}
        >
          Dashboard
        </a>
      </li>
      <li>
        <a
          className="Footer-footerNavItem-22"
          href="/"
          onClick={[Function]}
        >
          Wallet
        </a>
      </li>
      <li>
        <a
          className="Footer-footerNavItem-22"
          href="/"
          onClick={[Function]}
        >
          Shop
        </a>
      </li>
      <li>
        <a
          className="Footer-footerNavItem-22"
          href="/games"
          onClick={[Function]}
        >
          Games
        </a>
      </li>
      <li>
        <a
          className="Footer-footerNavItem-22"
          href="/"
          onClick={[Function]}
        >
          Friends
        </a>
      </li>
      <li>
        <a
          className="Footer-footerNavItem-22"
          href="/"
          onClick={[Function]}
        >
          Settings
        </a>
      </li>
    </ul>
    <span>
      Vault. All Rights Reserved 2018
    </span>
  </footer>
</div>
`;
