// Jest Snapshot v1, https://goo.gl/fbAQLP

exports[`renders correctly 1`] = `
<div
  className="RollBottomMobile-root-1"
>
  <div
    className="RollBottomMobile-gameRollSlider-5"
    id="scrollSlider"
    tabIndex="5000"
  >
    <a
      className="RollBottomMobile-sliderItem-6"
      href="/"
      onClick={[Function]}
    >
      <img
        alt=""
        className="RollBottomMobile-sliderItemPhoto-7"
        src="SliderItemImg1"
      />
    </a>
    <a
      className="RollBottomMobile-sliderItem-6"
      href="/"
      onClick={[Function]}
    >
      <img
        alt=""
        className="RollBottomMobile-sliderItemPhoto-7"
        src="SliderItemImg1"
      />
    </a>
    <a
      className="RollBottomMobile-sliderItem-6"
      href="/"
      onClick={[Function]}
    >
      <img
        alt=""
        className="RollBottomMobile-sliderItemPhoto-7"
        src="SliderItemImg1"
      />
    </a>
    <a
      className="RollBottomMobile-sliderItem-6"
      href="/"
      onClick={[Function]}
    >
      <img
        alt=""
        className="RollBottomMobile-sliderItemPhoto-7"
        src="SliderItemImg1"
      />
    </a>
    <a
      className="RollBottomMobile-sliderItem-6"
      href="/"
      onClick={[Function]}
    >
      <img
        alt=""
        className="RollBottomMobile-sliderItemPhoto-7"
        src="SliderItemImg1"
      />
    </a>
    <a
      className="RollBottomMobile-sliderItem-6"
      href="/"
      onClick={[Function]}
    >
      <img
        alt=""
        className="RollBottomMobile-sliderItemPhoto-7"
        src="SliderItemImg1"
      />
    </a>
    <a
      className="RollBottomMobile-sliderItem-6"
      href="/"
      onClick={[Function]}
    >
      <img
        alt=""
        className="RollBottomMobile-sliderItemPhoto-7"
        src="SliderItemImg1"
      />
    </a>
  </div>
</div>
`;
