// Jest Snapshot v1, https://goo.gl/fbAQLP

exports[`renders correctly main 1`] = `
<ul
  className="MenuNavigationGame-root-1"
>
  <li>
    <div
      className="MenuNavigationGame-logout-10"
      onClick={[Function]}
    >
      Logout
    </div>
  </li>
  <li>
    <a
      className="MenuNavigationGame-headerMenuItem-2"
      href="/"
      onClick={[Function]}
    >
      <i
        className="MenuNavigationGame-menuIcon-3 MenuNavigationGame-dashboard-4"
      />
      <br />
       Dashboard
    </a>
  </li>
  <li>
    <a
      className="MenuNavigationGame-headerMenuItem-2"
      href="/"
      onClick={[Function]}
    >
      <i
        className="MenuNavigationGame-menuIcon-3 MenuNavigationGame-walletIcon-5"
      />
      <br />
       Wallet
    </a>
  </li>
  <li>
    <a
      className="MenuNavigationGame-headerMenuItem-2"
      href="/"
      onClick={[Function]}
    >
      <i
        className="MenuNavigationGame-menuIcon-3 MenuNavigationGame-shop-6"
      />
      <br />
       Shop
    </a>
  </li>
  <li>
    <a
      className="MenuNavigationGame-headerMenuItem-2"
      href="/games"
      onClick={[Function]}
    >
      <i
        className="MenuNavigationGame-menuIcon-3 MenuNavigationGame-games-7"
      />
      <br />
       Games
    </a>
  </li>
  <li>
    <a
      className="MenuNavigationGame-headerMenuItem-2"
      href="/"
      onClick={[Function]}
    >
      <i
        className="MenuNavigationGame-menuIcon-3 MenuNavigationGame-friends-8"
      />
      <br />
       Friends
    </a>
  </li>
  <li>
    <a
      className="MenuNavigationGame-headerMenuItem-2"
      href="/"
      onClick={[Function]}
    >
      <i
        className="MenuNavigationGame-menuIcon-3 MenuNavigationGame-settings-9"
      />
      <br />
       Settings
    </a>
  </li>
</ul>
`;
