// Jest Snapshot v1, https://goo.gl/fbAQLP

exports[`<PricesBuy /> renders correctly 1`] = `
<div
  className="PricesBuy-root-1"
>
  <div
    className="PricesBuy-title-2"
  >
    <span>
      Buy
    </span>
     BTC: Prices
  </div>
  <table
    cellSpacing="0"
    className="PricesBuy-wrTable-3"
  >
    <tbody>
      <tr>
        <th>
          Price (USDT)
        </th>
        <th>
          Ammount (BTC)
        </th>
        <th>
          Total (USDT)
        </th>
      </tr>
      <tr
        className="PricesBuy-wrItem-4"
      >
        <td>
          3752.22
        </td>
        <td>
          1.0000
        </td>
        <td>
          3752.2200000
        </td>
      </tr>
      <tr
        className="PricesBuy-wrItem-4"
      >
        <td>
          3752.22
        </td>
        <td>
          1.0000
        </td>
        <td>
          3752.2200000
        </td>
      </tr>
      <tr
        className="PricesBuy-wrItem-4"
      >
        <td>
          3752.22
        </td>
        <td>
          1.0000
        </td>
        <td>
          3752.2200000
        </td>
      </tr>
      <tr
        className="PricesBuy-wrItem-4"
      >
        <td>
          3752.22
        </td>
        <td>
          1.0000
        </td>
        <td>
          3752.2200000
        </td>
      </tr>
    </tbody>
  </table>
</div>
`;
