// Jest Snapshot v1, https://goo.gl/fbAQLP

exports[`renders correctly 1`] = `
<div
  className="UserBlock-root-1"
>
  <div
    className="UserBlock-user-2"
  >
    <div
      className="UserBlock-userBlock-3"
    >
      <p
        className="UserBlock-userHello-4"
      >
        Hello, anonymous 
        <br />
        <a
          className="UserBlock-userVerification-5"
          href="/"
          onClick={[Function]}
        >
          KYC VERIFICATION
        </a>
      </p>
      <div
        className="UserBlock-userPhoto-6"
      >
        <img
          alt=""
          src="user.jpg"
        />
      </div>
    </div>
  </div>
</div>
`;
