// Jest Snapshot v1, https://goo.gl/fbAQLP

exports[`renders correctly 1`] = `
<div
  className="StreamLive-root-1"
>
  <div
    className="StreamLive-streamLiveItem-2"
  >
    <div
      className="StreamLive-streamLiveItemDate-3 StreamLive-itemDateLive-4"
    >
      Live
    </div>
    <div
      className="StreamLive-streamLiveItemTeam-5 StreamLive-team1-6"
    >
      <img
        alt=""
        className="StreamLive-teamImg-8"
        src="NRG+Logo+Light+Background.png"
      />
      <div
        className="StreamLive-teamName-9"
      >
        NRG
      </div>
      <div
        className="StreamLive-teamCountry-10 StreamLive-country1-11"
      >
        <img
          alt=""
          className="StreamLive-teamCountryImg-13"
          src="france.png"
        />
        France
      </div>
    </div>
    <div
      className="StreamLive-streamLiveItemScore-15"
    >
      6.14
    </div>
    <div
      className="StreamLive-streamLiveItemVs-14"
    >
      VS
    </div>
    <div
      className="StreamLive-streamLiveItemScore-15"
    >
      1.25
    </div>
    <div
      className="StreamLive-streamLiveItemTeam-5 StreamLive-team2-7"
    >
      <img
        alt=""
        className="StreamLive-teamImg-8"
        src="Team_LDLC_Logo.png"
      />
      <div
        className="StreamLive-teamName-9"
      >
        LDLC
      </div>
      <div
        className="StreamLive-teamCountry-10 StreamLive-country2-12"
      >
        <img
          alt=""
          className="StreamLive-teamCountryImg-13"
          src="spain.png"
        />
        Spain
      </div>
    </div>
    <div
      className="StreamLive-streamLiveItemEvent-16"
    >
      EVENT
      <img
        alt=""
        className="StreamLive-streamLiveItemEventImg-17"
        src="event.png"
      />
    </div>
    <div
      className="StreamLive-streamLiveItemLink-18"
    />
  </div>
  <div
    className="StreamLive-streamLiveItem-2"
  >
    <div
      className="StreamLive-streamLiveItemDate-3"
    >
      12:30 PM
       
      <br />
      <span>
        7/12/2018
      </span>
    </div>
    <div
      className="StreamLive-streamLiveItemTeam-5 StreamLive-team1-6"
    >
      <img
        alt=""
        className="StreamLive-teamImg-8"
        src="NRG+Logo+Light+Background.png"
      />
      <div
        className="StreamLive-teamName-9"
      >
        NRG
      </div>
      <div
        className="StreamLive-teamCountry-10 StreamLive-country1-11"
      >
        <img
          alt=""
          className="StreamLive-teamCountryImg-13"
          src="france.png"
        />
        France
      </div>
    </div>
    <div
      className="StreamLive-streamLiveItemScore-15"
    >
      6.14
    </div>
    <div
      className="StreamLive-streamLiveItemVs-14"
    >
      VS
    </div>
    <div
      className="StreamLive-streamLiveItemScore-15"
    >
      1.25
    </div>
    <div
      className="StreamLive-streamLiveItemTeam-5 StreamLive-team2-7"
    >
      <img
        alt=""
        className="StreamLive-teamImg-8"
        src="Team_LDLC_Logo.png"
      />
      <div
        className="StreamLive-teamName-9"
      >
        LDLC
      </div>
      <div
        className="StreamLive-teamCountry-10 StreamLive-country2-12"
      >
        <img
          alt=""
          className="StreamLive-teamCountryImg-13"
          src="spain.png"
        />
        Spain
      </div>
    </div>
    <div
      className="StreamLive-streamLiveItemEvent-16"
    >
      EVENT
      <img
        alt=""
        className="StreamLive-streamLiveItemEventImg-17"
        src="event.png"
      />
    </div>
    <div
      className="StreamLive-streamLiveItemLink-18"
    />
  </div>
  <div
    className="StreamLive-streamLiveItem-2"
  >
    <div
      className="StreamLive-streamLiveItemDate-3 StreamLive-itemDateLive-4"
    >
      Live
    </div>
    <div
      className="StreamLive-streamLiveItemTeam-5 StreamLive-team1-6"
    >
      <img
        alt=""
        className="StreamLive-teamImg-8"
        src="NRG+Logo+Light+Background.png"
      />
      <div
        className="StreamLive-teamName-9"
      >
        NRG
      </div>
      <div
        className="StreamLive-teamCountry-10 StreamLive-country1-11"
      >
        <img
          alt=""
          className="StreamLive-teamCountryImg-13"
          src="france.png"
        />
        France
      </div>
    </div>
    <div
      className="StreamLive-streamLiveItemScore-15"
    >
      6.14
    </div>
    <div
      className="StreamLive-streamLiveItemVs-14"
    >
      VS
    </div>
    <div
      className="StreamLive-streamLiveItemScore-15"
    >
      1.25
    </div>
    <div
      className="StreamLive-streamLiveItemTeam-5 StreamLive-team2-7"
    >
      <img
        alt=""
        className="StreamLive-teamImg-8"
        src="Team_LDLC_Logo.png"
      />
      <div
        className="StreamLive-teamName-9"
      >
        LDLC
      </div>
      <div
        className="StreamLive-teamCountry-10 StreamLive-country2-12"
      >
        <img
          alt=""
          className="StreamLive-teamCountryImg-13"
          src="spain.png"
        />
        Spain
      </div>
    </div>
    <div
      className="StreamLive-streamLiveItemEvent-16"
    >
      EVENT
      <img
        alt=""
        className="StreamLive-streamLiveItemEventImg-17"
        src="event.png"
      />
    </div>
    <div
      className="StreamLive-streamLiveItemLink-18"
    />
  </div>
  <div
    className="StreamLive-streamLiveItem-2"
  >
    <div
      className="StreamLive-streamLiveItemDate-3"
    >
      12:30 PM
       
      <br />
      <span>
        7/12/2018
      </span>
    </div>
    <div
      className="StreamLive-streamLiveItemTeam-5 StreamLive-team1-6"
    >
      <img
        alt=""
        className="StreamLive-teamImg-8"
        src="NRG+Logo+Light+Background.png"
      />
      <div
        className="StreamLive-teamName-9"
      >
        NRG
      </div>
      <div
        className="StreamLive-teamCountry-10 StreamLive-country1-11"
      >
        <img
          alt=""
          className="StreamLive-teamCountryImg-13"
          src="france.png"
        />
        France
      </div>
    </div>
    <div
      className="StreamLive-streamLiveItemScore-15"
    >
      6.14
    </div>
    <div
      className="StreamLive-streamLiveItemVs-14"
    >
      VS
    </div>
    <div
      className="StreamLive-streamLiveItemScore-15"
    >
      1.25
    </div>
    <div
      className="StreamLive-streamLiveItemTeam-5 StreamLive-team2-7"
    >
      <img
        alt=""
        className="StreamLive-teamImg-8"
        src="Team_LDLC_Logo.png"
      />
      <div
        className="StreamLive-teamName-9"
      >
        LDLC
      </div>
      <div
        className="StreamLive-teamCountry-10 StreamLive-country2-12"
      >
        <img
          alt=""
          className="StreamLive-teamCountryImg-13"
          src="spain.png"
        />
        Spain
      </div>
    </div>
    <div
      className="StreamLive-streamLiveItemEvent-16"
    >
      EVENT
      <img
        alt=""
        className="StreamLive-streamLiveItemEventImg-17"
        src="event.png"
      />
    </div>
    <div
      className="StreamLive-streamLiveItemLink-18"
    />
  </div>
</div>
`;
