// Jest Snapshot v1, https://goo.gl/fbAQLP

exports[`renders correctly 1`] = `
<div
  className="RollBottomDesktop-root-1"
>
  <div
    className="RollBottomDesktop-gameRollActions-2"
  >
    <div
      className="RollBottomDesktop-playNowBtn-3"
      onClick={[Function]}
    >
      Play Now
    </div>
    <a
      className="RollBottomDesktop-addBtn-4"
      href="/"
      onClick={[Function]}
    >
      Add to favorites
    </a>
  </div>
  <div
    className="RollBottomDesktop-gameRollSlider-5"
    id="scrollSlider"
    tabIndex="5000"
  >
    <a
      className="RollBottomDesktop-sliderItem-6"
      href="/"
      onClick={[Function]}
    >
      <img
        alt=""
        className="RollBottomDesktop-sliderItemPhoto-7"
        src="SliderItemImg1"
      />
    </a>
    <a
      className="RollBottomDesktop-sliderItem-6"
      href="/"
      onClick={[Function]}
    >
      <img
        alt=""
        className="RollBottomDesktop-sliderItemPhoto-7"
        src="SliderItemImg1"
      />
    </a>
    <a
      className="RollBottomDesktop-sliderItem-6"
      href="/"
      onClick={[Function]}
    >
      <img
        alt=""
        className="RollBottomDesktop-sliderItemPhoto-7"
        src="SliderItemImg1"
      />
    </a>
    <a
      className="RollBottomDesktop-sliderItem-6"
      href="/"
      onClick={[Function]}
    >
      <img
        alt=""
        className="RollBottomDesktop-sliderItemPhoto-7"
        src="SliderItemImg1"
      />
    </a>
    <a
      className="RollBottomDesktop-sliderItem-6"
      href="/"
      onClick={[Function]}
    >
      <img
        alt=""
        className="RollBottomDesktop-sliderItemPhoto-7"
        src="SliderItemImg1"
      />
    </a>
    <a
      className="RollBottomDesktop-sliderItem-6"
      href="/"
      onClick={[Function]}
    >
      <img
        alt=""
        className="RollBottomDesktop-sliderItemPhoto-7"
        src="SliderItemImg1"
      />
    </a>
    <a
      className="RollBottomDesktop-sliderItem-6"
      href="/"
      onClick={[Function]}
    >
      <img
        alt=""
        className="RollBottomDesktop-sliderItemPhoto-7"
        src="SliderItemImg1"
      />
    </a>
  </div>
</div>
`;
