// Jest Snapshot v1, https://goo.gl/fbAQLP

exports[`renders correctly 1`] = `
<div
  className="StreamTabsBottom-root-1"
>
  <div
    className="StreamTabsNav-root-2"
  >
    <div
      className="StreamTabsNav-streamTabsNavItem-3 StreamTabsNav-liveNow-4"
    >
      <span>
        LIVE NOW
      </span>
      <span
        className="StreamTabsNav-streamTabsWatch-6"
      >
        2
      </span>
    </div>
    <div
      className="StreamTabsNav-streamTabsNavItem-3"
    >
      <img
        alt=""
        className="StreamTabsNav-streamTabsNavImg-5"
        src="gamepad.svg"
      />
      <span>
        ALL GAMES
      </span>
      <span
        className="StreamTabsNav-streamTabsWatch-6"
      >
        2
      </span>
    </div>
    <div
      className="StreamTabsNav-streamTabsNavItem-3"
    >
      <img
        alt=""
        className="StreamTabsNav-streamTabsNavImg-5"
        src="starcraft.png"
      />
      <span>
        STARCRAFT 2
      </span>
      <span
        className="StreamTabsNav-streamTabsWatch-6"
      >
        2
      </span>
    </div>
    <div
      className="StreamTabsNav-streamTabsNavItem-3"
    >
      <img
        alt=""
        className="StreamTabsNav-streamTabsNavImg-5"
        src="dota-2.svg"
      />
      <span>
        DOTA 2
      </span>
      <span
        className="StreamTabsNav-streamTabsWatch-6"
      >
        2
      </span>
    </div>
    <div
      className="StreamTabsNav-streamTabsNavItem-3"
    >
      <img
        alt=""
        className="StreamTabsNav-streamTabsNavImg-5"
        src="overwatch.png"
      />
      <span>
        CS:GO
      </span>
      <span
        className="StreamTabsNav-streamTabsWatch-6"
      >
        2
      </span>
    </div>
    <div
      className="StreamTabsNav-streamTabsNavItem-3"
    >
      <img
        alt=""
        className="StreamTabsNav-streamTabsNavImg-5"
        src="csgo.png"
      />
      <span>
        CS:GO
      </span>
      <span
        className="StreamTabsNav-streamTabsWatch-6"
      >
        2
      </span>
    </div>
  </div>
  <div
    className="StreamLive-root-7"
  >
    <div
      className="StreamLive-streamLiveItem-8"
    >
      <div
        className="StreamLive-streamLiveItemDate-9 StreamLive-itemDateLive-10"
      >
        Live
      </div>
      <div
        className="StreamLive-streamLiveItemTeam-11 StreamLive-team1-12"
      >
        <img
          alt=""
          className="StreamLive-teamImg-14"
          src="NRG+Logo+Light+Background.png"
        />
        <div
          className="StreamLive-teamName-15"
        >
          NRG
        </div>
        <div
          className="StreamLive-teamCountry-16 StreamLive-country1-17"
        >
          <img
            alt=""
            className="StreamLive-teamCountryImg-19"
            src="france.png"
          />
          France
        </div>
      </div>
      <div
        className="StreamLive-streamLiveItemScore-21"
      >
        6.14
      </div>
      <div
        className="StreamLive-streamLiveItemVs-20"
      >
        VS
      </div>
      <div
        className="StreamLive-streamLiveItemScore-21"
      >
        1.25
      </div>
      <div
        className="StreamLive-streamLiveItemTeam-11 StreamLive-team2-13"
      >
        <img
          alt=""
          className="StreamLive-teamImg-14"
          src="Team_LDLC_Logo.png"
        />
        <div
          className="StreamLive-teamName-15"
        >
          LDLC
        </div>
        <div
          className="StreamLive-teamCountry-16 StreamLive-country2-18"
        >
          <img
            alt=""
            className="StreamLive-teamCountryImg-19"
            src="spain.png"
          />
          Spain
        </div>
      </div>
      <div
        className="StreamLive-streamLiveItemEvent-22"
      >
        EVENT
        <img
          alt=""
          className="StreamLive-streamLiveItemEventImg-23"
          src="event.png"
        />
      </div>
      <div
        className="StreamLive-streamLiveItemLink-24"
      />
    </div>
    <div
      className="StreamLive-streamLiveItem-8"
    >
      <div
        className="StreamLive-streamLiveItemDate-9"
      >
        12:30 PM
         
        <br />
        <span>
          7/12/2018
        </span>
      </div>
      <div
        className="StreamLive-streamLiveItemTeam-11 StreamLive-team1-12"
      >
        <img
          alt=""
          className="StreamLive-teamImg-14"
          src="NRG+Logo+Light+Background.png"
        />
        <div
          className="StreamLive-teamName-15"
        >
          NRG
        </div>
        <div
          className="StreamLive-teamCountry-16 StreamLive-country1-17"
        >
          <img
            alt=""
            className="StreamLive-teamCountryImg-19"
            src="france.png"
          />
          France
        </div>
      </div>
      <div
        className="StreamLive-streamLiveItemScore-21"
      >
        6.14
      </div>
      <div
        className="StreamLive-streamLiveItemVs-20"
      >
        VS
      </div>
      <div
        className="StreamLive-streamLiveItemScore-21"
      >
        1.25
      </div>
      <div
        className="StreamLive-streamLiveItemTeam-11 StreamLive-team2-13"
      >
        <img
          alt=""
          className="StreamLive-teamImg-14"
          src="Team_LDLC_Logo.png"
        />
        <div
          className="StreamLive-teamName-15"
        >
          LDLC
        </div>
        <div
          className="StreamLive-teamCountry-16 StreamLive-country2-18"
        >
          <img
            alt=""
            className="StreamLive-teamCountryImg-19"
            src="spain.png"
          />
          Spain
        </div>
      </div>
      <div
        className="StreamLive-streamLiveItemEvent-22"
      >
        EVENT
        <img
          alt=""
          className="StreamLive-streamLiveItemEventImg-23"
          src="event.png"
        />
      </div>
      <div
        className="StreamLive-streamLiveItemLink-24"
      />
    </div>
    <div
      className="StreamLive-streamLiveItem-8"
    >
      <div
        className="StreamLive-streamLiveItemDate-9 StreamLive-itemDateLive-10"
      >
        Live
      </div>
      <div
        className="StreamLive-streamLiveItemTeam-11 StreamLive-team1-12"
      >
        <img
          alt=""
          className="StreamLive-teamImg-14"
          src="NRG+Logo+Light+Background.png"
        />
        <div
          className="StreamLive-teamName-15"
        >
          NRG
        </div>
        <div
          className="StreamLive-teamCountry-16 StreamLive-country1-17"
        >
          <img
            alt=""
            className="StreamLive-teamCountryImg-19"
            src="france.png"
          />
          France
        </div>
      </div>
      <div
        className="StreamLive-streamLiveItemScore-21"
      >
        6.14
      </div>
      <div
        className="StreamLive-streamLiveItemVs-20"
      >
        VS
      </div>
      <div
        className="StreamLive-streamLiveItemScore-21"
      >
        1.25
      </div>
      <div
        className="StreamLive-streamLiveItemTeam-11 StreamLive-team2-13"
      >
        <img
          alt=""
          className="StreamLive-teamImg-14"
          src="Team_LDLC_Logo.png"
        />
        <div
          className="StreamLive-teamName-15"
        >
          LDLC
        </div>
        <div
          className="StreamLive-teamCountry-16 StreamLive-country2-18"
        >
          <img
            alt=""
            className="StreamLive-teamCountryImg-19"
            src="spain.png"
          />
          Spain
        </div>
      </div>
      <div
        className="StreamLive-streamLiveItemEvent-22"
      >
        EVENT
        <img
          alt=""
          className="StreamLive-streamLiveItemEventImg-23"
          src="event.png"
        />
      </div>
      <div
        className="StreamLive-streamLiveItemLink-24"
      />
    </div>
    <div
      className="StreamLive-streamLiveItem-8"
    >
      <div
        className="StreamLive-streamLiveItemDate-9"
      >
        12:30 PM
         
        <br />
        <span>
          7/12/2018
        </span>
      </div>
      <div
        className="StreamLive-streamLiveItemTeam-11 StreamLive-team1-12"
      >
        <img
          alt=""
          className="StreamLive-teamImg-14"
          src="NRG+Logo+Light+Background.png"
        />
        <div
          className="StreamLive-teamName-15"
        >
          NRG
        </div>
        <div
          className="StreamLive-teamCountry-16 StreamLive-country1-17"
        >
          <img
            alt=""
            className="StreamLive-teamCountryImg-19"
            src="france.png"
          />
          France
        </div>
      </div>
      <div
        className="StreamLive-streamLiveItemScore-21"
      >
        6.14
      </div>
      <div
        className="StreamLive-streamLiveItemVs-20"
      >
        VS
      </div>
      <div
        className="StreamLive-streamLiveItemScore-21"
      >
        1.25
      </div>
      <div
        className="StreamLive-streamLiveItemTeam-11 StreamLive-team2-13"
      >
        <img
          alt=""
          className="StreamLive-teamImg-14"
          src="Team_LDLC_Logo.png"
        />
        <div
          className="StreamLive-teamName-15"
        >
          LDLC
        </div>
        <div
          className="StreamLive-teamCountry-16 StreamLive-country2-18"
        >
          <img
            alt=""
            className="StreamLive-teamCountryImg-19"
            src="spain.png"
          />
          Spain
        </div>
      </div>
      <div
        className="StreamLive-streamLiveItemEvent-22"
      >
        EVENT
        <img
          alt=""
          className="StreamLive-streamLiveItemEventImg-23"
          src="event.png"
        />
      </div>
      <div
        className="StreamLive-streamLiveItemLink-24"
      />
    </div>
  </div>
</div>
`;
