// Jest Snapshot v1, https://goo.gl/fbAQLP

exports[`renders correctly 1`] = `
<div
  className="CaseOpen-root-1"
>
  <div
    className="CaseOpen-caseOpenTop-2"
  >
    <div
      className="CaseOpen-caseOpenBackBtn-3"
    />
    <div
      className="CaseOpen-caseOpenTopImg-4"
    >
      <img
        alt=""
        src="caseXOpen.png"
      />
    </div>
    <div
      className="CaseOpen-caseOpenTopDescr-5"
    >
      <div
        className="CaseOpen-caseOpenTopMarker-6"
      />
      <div
        className="CaseOpen-caseOpenTopName-7"
      >
        Case: 
        <span>
          Hello, buddy!
        </span>
      </div>
      <div
        className="CaseOpen-caseOpenTopPrice-8"
      >
        Open for 
        <span>
          $34.20
        </span>
      </div>
      <div
        className="CaseOpen-caseOpenTopGame-9"
      >
        Case: 
        <span>
          CS:GO
        </span>
      </div>
    </div>
  </div>
  <div
    className="CaseOpen-caseOpenContent-10"
  >
    <div
      className="CaseOpen-caseOpenTitle-11"
    >
      This case cointains this stuff:
    </div>
    <div
      className="CaseOpen-caseOpenItem-12"
    >
      <div
        className="CaseOpen-caseOpenItemImg-13"
      >
        <img
          alt=""
          src="GunCase.png"
        />
      </div>
      <div
        className="CaseOpen-caseOpenItemName-14"
      >
        Gun: 
        <span>
          Good Weapon2 1.2
        </span>
      </div>
    </div>
    <div
      className="CaseOpen-caseOpenItem-12"
    >
      <div
        className="CaseOpen-caseOpenItemImg-13"
      >
        <img
          alt=""
          src="GunCase.png"
        />
      </div>
      <div
        className="CaseOpen-caseOpenItemName-14"
      >
        Gun: 
        <span>
          Good Weapon2 1.2
        </span>
      </div>
    </div>
    <div
      className="CaseOpen-caseOpenItem-12"
    >
      <div
        className="CaseOpen-caseOpenItemImg-13"
      >
        <img
          alt=""
          src="GunCase.png"
        />
      </div>
      <div
        className="CaseOpen-caseOpenItemName-14"
      >
        Gun: 
        <span>
          Good Weapon2 1.2
        </span>
      </div>
    </div>
    <div
      className="CaseOpen-caseOpenItem-12"
    >
      <div
        className="CaseOpen-caseOpenItemImg-13"
      >
        <img
          alt=""
          src="GunCase.png"
        />
      </div>
      <div
        className="CaseOpen-caseOpenItemName-14"
      >
        Gun: 
        <span>
          Good Weapon2 1.2
        </span>
      </div>
    </div>
    <div
      className="CaseOpen-caseOpenItem-12"
    >
      <div
        className="CaseOpen-caseOpenItemImg-13"
      >
        <img
          alt=""
          src="GunCase.png"
        />
      </div>
      <div
        className="CaseOpen-caseOpenItemName-14"
      >
        Gun: 
        <span>
          Good Weapon2 1.2
        </span>
      </div>
    </div>
    <div
      className="CaseOpen-caseOpenItem-12"
    >
      <div
        className="CaseOpen-caseOpenItemImg-13"
      >
        <img
          alt=""
          src="GunCase.png"
        />
      </div>
      <div
        className="CaseOpen-caseOpenItemName-14"
      >
        Gun: 
        <span>
          Good Weapon2 1.2
        </span>
      </div>
    </div>
    <div
      className="CaseOpen-caseOpenItem-12"
    >
      <div
        className="CaseOpen-caseOpenItemImg-13"
      >
        <img
          alt=""
          src="GunCase.png"
        />
      </div>
      <div
        className="CaseOpen-caseOpenItemName-14"
      >
        Gun: 
        <span>
          Good Weapon2 1.2
        </span>
      </div>
    </div>
    <div
      className="CaseOpen-caseOpenItem-12"
    >
      <div
        className="CaseOpen-caseOpenItemImg-13"
      >
        <img
          alt=""
          src="GunCase.png"
        />
      </div>
      <div
        className="CaseOpen-caseOpenItemName-14"
      >
        Gun: 
        <span>
          Good Weapon2 1.2
        </span>
      </div>
    </div>
    <div
      className="CaseOpen-caseOpenItem-12"
    >
      <div
        className="CaseOpen-caseOpenItemImg-13"
      >
        <img
          alt=""
          src="GunCase.png"
        />
      </div>
      <div
        className="CaseOpen-caseOpenItemName-14"
      >
        Gun: 
        <span>
          Good Weapon2 1.2
        </span>
      </div>
    </div>
    <div
      className="CaseOpen-caseOpenItem-12"
    >
      <div
        className="CaseOpen-caseOpenItemImg-13"
      >
        <img
          alt=""
          src="GunCase.png"
        />
      </div>
      <div
        className="CaseOpen-caseOpenItemName-14"
      >
        Gun: 
        <span>
          Good Weapon2 1.2
        </span>
      </div>
    </div>
    <div
      className="CaseOpen-caseOpenItem-12"
    >
      <div
        className="CaseOpen-caseOpenItemImg-13"
      >
        <img
          alt=""
          src="GunCase.png"
        />
      </div>
      <div
        className="CaseOpen-caseOpenItemName-14"
      >
        Gun: 
        <span>
          Good Weapon2 1.2
        </span>
      </div>
    </div>
    <div
      className="CaseOpen-caseOpenItem-12"
    >
      <div
        className="CaseOpen-caseOpenItemImg-13"
      >
        <img
          alt=""
          src="GunCase.png"
        />
      </div>
      <div
        className="CaseOpen-caseOpenItemName-14"
      >
        Gun: 
        <span>
          Good Weapon2 1.2
        </span>
      </div>
    </div>
    <div
      className="CaseOpen-caseOpenItem-12"
    >
      <div
        className="CaseOpen-caseOpenItemImg-13"
      >
        <img
          alt=""
          src="GunCase.png"
        />
      </div>
      <div
        className="CaseOpen-caseOpenItemName-14"
      >
        Gun: 
        <span>
          Good Weapon2 1.2
        </span>
      </div>
    </div>
    <div
      className="CaseOpen-caseOpenItem-12"
    >
      <div
        className="CaseOpen-caseOpenItemImg-13"
      >
        <img
          alt=""
          src="GunCase.png"
        />
      </div>
      <div
        className="CaseOpen-caseOpenItemName-14"
      >
        Gun: 
        <span>
          Good Weapon2 1.2
        </span>
      </div>
    </div>
    <div
      className="CaseOpen-caseOpenItem-12"
    >
      <div
        className="CaseOpen-caseOpenItemImg-13"
      >
        <img
          alt=""
          src="GunCase.png"
        />
      </div>
      <div
        className="CaseOpen-caseOpenItemName-14"
      >
        Gun: 
        <span>
          Good Weapon2 1.2
        </span>
      </div>
    </div>
    <div
      className="CaseOpen-caseOpenItem-12"
    >
      <div
        className="CaseOpen-caseOpenItemImg-13"
      >
        <img
          alt=""
          src="GunCase.png"
        />
      </div>
      <div
        className="CaseOpen-caseOpenItemName-14"
      >
        Gun: 
        <span>
          Good Weapon2 1.2
        </span>
      </div>
    </div>
  </div>
</div>
`;
