// Jest Snapshot v1, https://goo.gl/fbAQLP

exports[`renders correctly 1`] = `
<div
  className="CasesRelated-root-1"
>
  <div
    className="CasesRelated-casesRelatedTilte-2"
  >
    Related to this case:
  </div>
  <div
    className="CasesRelated-casesRelatedItem-3"
  >
    <div
      className="CasesRelated-casesRelatedItemImg-4"
    >
      <img
        alt=""
        src="caseX.png"
      />
    </div>
    <div
      className="CasesRelated-casesRelatedItemName-5"
    >
      Gun: 
      <span>
        Good Weapon2 1.2
      </span>
    </div>
  </div>
  <div
    className="CasesRelated-casesRelatedItem-3"
  >
    <div
      className="CasesRelated-casesRelatedItemImg-4"
    >
      <img
        alt=""
        src="caseX.png"
      />
    </div>
    <div
      className="CasesRelated-casesRelatedItemName-5"
    >
      Gun: 
      <span>
        Good Weapon2 1.2
      </span>
    </div>
  </div>
  <div
    className="CasesRelated-casesRelatedItem-3"
  >
    <div
      className="CasesRelated-casesRelatedItemImg-4"
    >
      <img
        alt=""
        src="caseX.png"
      />
    </div>
    <div
      className="CasesRelated-casesRelatedItemName-5"
    >
      Gun: 
      <span>
        Good Weapon2 1.2
      </span>
    </div>
  </div>
  <div
    className="CasesRelated-casesRelatedItem-3"
  >
    <div
      className="CasesRelated-casesRelatedItemImg-4"
    >
      <img
        alt=""
        src="caseX.png"
      />
    </div>
    <div
      className="CasesRelated-casesRelatedItemName-5"
    >
      Gun: 
      <span>
        Good Weapon2 1.2
      </span>
    </div>
  </div>
  <div
    className="CasesRelated-casesRelatedItem-3"
  >
    <div
      className="CasesRelated-casesRelatedItemImg-4"
    >
      <img
        alt=""
        src="caseX.png"
      />
    </div>
    <div
      className="CasesRelated-casesRelatedItemName-5"
    >
      Gun: 
      <span>
        Good Weapon2 1.2
      </span>
    </div>
  </div>
  <div
    className="CasesRelated-casesRelatedItem-3"
  >
    <div
      className="CasesRelated-casesRelatedItemImg-4"
    >
      <img
        alt=""
        src="caseX.png"
      />
    </div>
    <div
      className="CasesRelated-casesRelatedItemName-5"
    >
      Gun: 
      <span>
        Good Weapon2 1.2
      </span>
    </div>
  </div>
  <div
    className="CasesRelated-casesRelatedItem-3"
  >
    <div
      className="CasesRelated-casesRelatedItemImg-4"
    >
      <img
        alt=""
        src="caseX.png"
      />
    </div>
    <div
      className="CasesRelated-casesRelatedItemName-5"
    >
      Gun: 
      <span>
        Good Weapon2 1.2
      </span>
    </div>
  </div>
  <div
    className="CasesRelated-casesRelatedItem-3"
  >
    <div
      className="CasesRelated-casesRelatedItemImg-4"
    >
      <img
        alt=""
        src="caseX.png"
      />
    </div>
    <div
      className="CasesRelated-casesRelatedItemName-5"
    >
      Gun: 
      <span>
        Good Weapon2 1.2
      </span>
    </div>
  </div>
  <div
    className="CasesRelated-casesRelatedItem-3"
  >
    <div
      className="CasesRelated-casesRelatedItemImg-4"
    >
      <img
        alt=""
        src="caseX.png"
      />
    </div>
    <div
      className="CasesRelated-casesRelatedItemName-5"
    >
      Gun: 
      <span>
        Good Weapon2 1.2
      </span>
    </div>
  </div>
  <div
    className="CasesRelated-casesRelatedItem-3"
  >
    <div
      className="CasesRelated-casesRelatedItemImg-4"
    >
      <img
        alt=""
        src="caseX.png"
      />
    </div>
    <div
      className="CasesRelated-casesRelatedItemName-5"
    >
      Gun: 
      <span>
        Good Weapon2 1.2
      </span>
    </div>
  </div>
  <div
    className="CasesRelated-casesRelatedItem-3"
  >
    <div
      className="CasesRelated-casesRelatedItemImg-4"
    >
      <img
        alt=""
        src="caseX.png"
      />
    </div>
    <div
      className="CasesRelated-casesRelatedItemName-5"
    >
      Gun: 
      <span>
        Good Weapon2 1.2
      </span>
    </div>
  </div>
  <div
    className="CasesRelated-casesRelatedItem-3"
  >
    <div
      className="CasesRelated-casesRelatedItemImg-4"
    >
      <img
        alt=""
        src="caseX.png"
      />
    </div>
    <div
      className="CasesRelated-casesRelatedItemName-5"
    >
      Gun: 
      <span>
        Good Weapon2 1.2
      </span>
    </div>
  </div>
  <div
    className="CasesRelated-casesRelatedItem-3"
  >
    <div
      className="CasesRelated-casesRelatedItemImg-4"
    >
      <img
        alt=""
        src="caseX.png"
      />
    </div>
    <div
      className="CasesRelated-casesRelatedItemName-5"
    >
      Gun: 
      <span>
        Good Weapon2 1.2
      </span>
    </div>
  </div>
  <div
    className="CasesRelated-casesRelatedItem-3"
  >
    <div
      className="CasesRelated-casesRelatedItemImg-4"
    >
      <img
        alt=""
        src="caseX.png"
      />
    </div>
    <div
      className="CasesRelated-casesRelatedItemName-5"
    >
      Gun: 
      <span>
        Good Weapon2 1.2
      </span>
    </div>
  </div>
  <div
    className="CasesRelated-casesRelatedItem-3"
  >
    <div
      className="CasesRelated-casesRelatedItemImg-4"
    >
      <img
        alt=""
        src="caseX.png"
      />
    </div>
    <div
      className="CasesRelated-casesRelatedItemName-5"
    >
      Gun: 
      <span>
        Good Weapon2 1.2
      </span>
    </div>
  </div>
  <div
    className="CasesRelated-casesRelatedItem-3"
  >
    <div
      className="CasesRelated-casesRelatedItemImg-4"
    >
      <img
        alt=""
        src="caseX.png"
      />
    </div>
    <div
      className="CasesRelated-casesRelatedItemName-5"
    >
      Gun: 
      <span>
        Good Weapon2 1.2
      </span>
    </div>
  </div>
</div>
`;
