// Jest Snapshot v1, https://goo.gl/fbAQLP

exports[`renders correctly 1`] = `
<section
  id="contacts"
>
  <div
    className="Contacts-root-1"
  >
    <div
      className="Contacts-title-2"
    >
      Contacts
    </div>
    <div>
      <div
        className="Contacts-wrInfo-3"
      >
        <div
          className="Contacts-userPhoto-4"
        >
          <img
            alt=""
            src="user.jpg"
          />
        </div>
        <div>
          <div>
            Mike Grinch
          </div>
          <div>
            0x000000000000000000000000000000000000000000000000000000000
            <img
              alt=""
              className="Contacts-copyIcon-5"
              src="copy.svg"
            />
          </div>
        </div>
      </div>
      <div
        className="Contacts-wrInfo-3"
      >
        <div
          className="Contacts-userPhoto-4"
        >
          <img
            alt=""
            src="user.jpg"
          />
        </div>
        <div>
          <div>
            Clarck Malkolm
          </div>
          <div>
            0x000000000000000000000000000000000000000000000000000000000
            <img
              alt=""
              className="Contacts-copyIcon-5"
              src="copy.svg"
            />
          </div>
        </div>
      </div>
    </div>
  </div>
</section>
`;
